Component: Arm Compiler for Embedded 6.19 Tool: armlink [5e73cb00]

==============================================================================

Section Cross References

    st7920.o(.text.ST7920_SendString) refers to st7920.o(.text.ST7920_SendCmd) for ST7920_SendCmd
    st7920.o(.text.ST7920_SendString) refers to st7920.o(.text.ST7920_SendData) for ST7920_SendData
    st7920.o(.ARM.exidx.text.ST7920_SendString) refers to st7920.o(.text.ST7920_SendString) for [Anonymous Symbol]
    st7920.o(.text.ST7920_SendCmd) refers to st7920.o(.bss.lcd_data) for lcd_data
    st7920.o(.text.ST7920_SendCmd) refers to st7920.o(.text.st7920_spi_transmit) for st7920_spi_transmit
    st7920.o(.ARM.exidx.text.ST7920_SendCmd) refers to st7920.o(.text.ST7920_SendCmd) for [Anonymous Symbol]
    st7920.o(.text.ST7920_SendData) refers to st7920.o(.bss.lcd_data) for lcd_data
    st7920.o(.text.ST7920_SendData) refers to st7920.o(.text.st7920_spi_transmit) for st7920_spi_transmit
    st7920.o(.ARM.exidx.text.ST7920_SendData) refers to st7920.o(.text.ST7920_SendData) for [Anonymous Symbol]
    st7920.o(.text.ST7920_Font_Print) refers to vsprintf.o(.text) for vsprintf
    st7920.o(.text.ST7920_Font_Print) refers to st7920.o(.data.numCols) for numCols
    st7920.o(.text.ST7920_Font_Print) refers to st7920.o(.data.numRows) for numRows
    st7920.o(.text.ST7920_Font_Print) refers to st7920.o(.text.SetPixel) for SetPixel
    st7920.o(.ARM.exidx.text.ST7920_Font_Print) refers to st7920.o(.text.ST7920_Font_Print) for [Anonymous Symbol]
    st7920.o(.text.SetPixel) refers to st7920.o(.data.numCols) for numCols
    st7920.o(.text.SetPixel) refers to st7920.o(.data.numRows) for numRows
    st7920.o(.text.SetPixel) refers to st7920.o(.bss.GLCD_Buffer) for GLCD_Buffer
    st7920.o(.ARM.exidx.text.SetPixel) refers to st7920.o(.text.SetPixel) for [Anonymous Symbol]
    st7920.o(.text.ST7920_GraphicMode) refers to st7920.o(.text.ST7920_SendCmd) for ST7920_SendCmd
    st7920.o(.text.ST7920_GraphicMode) refers to tim.o(.text.TIM_Wait) for TIM_Wait
    st7920.o(.text.ST7920_GraphicMode) refers to st7920.o(.bss.Graphic_Check) for Graphic_Check
    st7920.o(.ARM.exidx.text.ST7920_GraphicMode) refers to st7920.o(.text.ST7920_GraphicMode) for [Anonymous Symbol]
    st7920.o(.text.ST7920_DrawBitmap) refers to st7920.o(.text.ST7920_SendCmd) for ST7920_SendCmd
    st7920.o(.text.ST7920_DrawBitmap) refers to st7920.o(.text.ST7920_SendData) for ST7920_SendData
    st7920.o(.ARM.exidx.text.ST7920_DrawBitmap) refers to st7920.o(.text.ST7920_DrawBitmap) for [Anonymous Symbol]
    st7920.o(.text.ST7920_Send_GLCD_Buffer) refers to st7920.o(.bss.GLCD_Buffer) for GLCD_Buffer
    st7920.o(.text.ST7920_Send_GLCD_Buffer) refers to st7920.o(.text.ST7920_DrawBitmap) for ST7920_DrawBitmap
    st7920.o(.ARM.exidx.text.ST7920_Send_GLCD_Buffer) refers to st7920.o(.text.ST7920_Send_GLCD_Buffer) for [Anonymous Symbol]
    st7920.o(.text.ST7920_Clear_GLCD_Buffer) refers to st7920.o(.bss.GLCD_Buffer) for GLCD_Buffer
    st7920.o(.ARM.exidx.text.ST7920_Clear_GLCD_Buffer) refers to st7920.o(.text.ST7920_Clear_GLCD_Buffer) for [Anonymous Symbol]
    st7920.o(.text.ST7920_Clear) refers to st7920.o(.bss.Graphic_Check) for Graphic_Check
    st7920.o(.text.ST7920_Clear) refers to st7920.o(.text.ST7920_SendCmd) for ST7920_SendCmd
    st7920.o(.text.ST7920_Clear) refers to st7920.o(.text.ST7920_SendData) for ST7920_SendData
    st7920.o(.text.ST7920_Clear) refers to tim.o(.text.TIM_Wait) for TIM_Wait
    st7920.o(.ARM.exidx.text.ST7920_Clear) refers to st7920.o(.text.ST7920_Clear) for [Anonymous Symbol]
    st7920.o(.text.DrawLine) refers to st7920.o(.text.SetPixel) for SetPixel
    st7920.o(.ARM.exidx.text.DrawLine) refers to st7920.o(.text.DrawLine) for [Anonymous Symbol]
    st7920.o(.text.DrawRectangle) refers to st7920.o(.data.numCols) for numCols
    st7920.o(.text.DrawRectangle) refers to st7920.o(.data.numRows) for numRows
    st7920.o(.text.DrawRectangle) refers to st7920.o(.text.DrawLine) for DrawLine
    st7920.o(.ARM.exidx.text.DrawRectangle) refers to st7920.o(.text.DrawRectangle) for [Anonymous Symbol]
    st7920.o(.text.DrawFilledRectangle) refers to st7920.o(.data.numCols) for numCols
    st7920.o(.text.DrawFilledRectangle) refers to st7920.o(.data.numRows) for numRows
    st7920.o(.text.DrawFilledRectangle) refers to st7920.o(.text.DrawLine) for DrawLine
    st7920.o(.ARM.exidx.text.DrawFilledRectangle) refers to st7920.o(.text.DrawFilledRectangle) for [Anonymous Symbol]
    st7920.o(.text.DrawCircle) refers to st7920.o(.text.SetPixel) for SetPixel
    st7920.o(.ARM.exidx.text.DrawCircle) refers to st7920.o(.text.DrawCircle) for [Anonymous Symbol]
    st7920.o(.text.DrawFilledCircle) refers to st7920.o(.text.SetPixel) for SetPixel
    st7920.o(.text.DrawFilledCircle) refers to st7920.o(.text.DrawLine) for DrawLine
[...]
    ../clib/locale.s                         0x00000000   Number         0  lc_ctype_c.o ABSOLUTE
    ../clib/longlong.s                       0x00000000   Number         0  lludiv10.o ABSOLUTE
    ../clib/longlong.s                       0x00000000   Number         0  llushr.o ABSOLUTE
    ../clib/memcpset.s                       0x00000000   Number         0  strcmpv7m_pel.o ABSOLUTE
    ../clib/misc.s                           0x00000000   Number         0  printf_stubs.o ABSOLUTE
    ../clib/printf.c                         0x00000000   Number         0  vsprintf.o ABSOLUTE
    ../clib/printf.c                         0x00000000   Number         0  __printf.o ABSOLUTE
    ../clib/printf.c                         0x00000000   Number         0  _printf_pad.o ABSOLUTE
    ../clib/printf.c                         0x00000000   Number         0  _printf_truncate.o ABSOLUTE
    ../clib/printf.c                         0x00000000   Number         0  _printf_str.o ABSOLUTE
    ../clib/printf.c                         0x00000000   Number         0  _printf_dec.o ABSOLUTE
    ../clib/printf.c                         0x00000000   Number         0  _printf_charcount.o ABSOLUTE
    ../clib/printf.c                         0x00000000   Number         0  _printf_char_common.o ABSOLUTE
    ../clib/printf.c                         0x00000000   Number         0  _sputc.o ABSOLUTE
    ../clib/printf.c                         0x00000000   Number         0  _printf_wctomb.o ABSOLUTE
    ../clib/printf.c                         0x00000000   Number         0  _printf_longlong_dec.o ABSOLUTE
    ../clib/printf.c                         0x00000000   Number         0  _printf_oct_ll.o ABSOLUTE
    ../clib/printf.c                         0x00000000   Number         0  _printf_oct_int.o ABSOLUTE
    ../clib/printf.c                         0x00000000   Number         0  _printf_oct_int_ll.o ABSOLUTE
    ../clib/printf.c                         0x00000000   Number         0  _printf_hex_ll.o ABSOLUTE
    ../clib/printf.c                         0x00000000   Number         0  _printf_hex_int.o ABSOLUTE
    ../clib/printf.c                         0x00000000   Number         0  _printf_hex_int_ll.o ABSOLUTE
    ../clib/printf.c                         0x00000000   Number         0  _printf_hex_ptr.o ABSOLUTE
    ../clib/printf.c                         0x00000000   Number         0  _printf_hex_int_ptr.o ABSOLUTE
    ../clib/printf.c                         0x00000000   Number         0  _printf_hex_ll_ptr.o ABSOLUTE
    ../clib/printf.c                         0x00000000   Number         0  _printf_hex_int_ll_ptr.o ABSOLUTE
    ../clib/printf.c                         0x00000000   Number         0  __printf_flags.o ABSOLUTE
    ../clib/printf.c                         0x00000000   Number         0  __printf_ss.o ABSOLUTE
    ../clib/printf.c                         0x00000000   Number         0  __printf_flags_ss.o ABSOLUTE
    ../clib/printf.c                         0x00000000   Number         0  __printf_wp.o ABSOLUTE
    ../clib/printf.c                         0x00000000   Number         0  __printf_flags_wp.o ABSOLUTE
    ../clib/printf.c                         0x00000000   Number         0  __printf_ss_wp.o ABSOLUTE
    ../clib/printf.c                         0x00000000   Number         0  __printf_flags_ss_wp.o ABSOLUTE
    ../clib/printf.c                         0x00000000   Number         0  _printf_intcommon.o ABSOLUTE
    ../clib/printf.c                         0x00000000   Number         0  _printf_fp_dec.o ABSOLUTE
    ../clib/printf.c                         0x00000000   Number         0  _printf_fp_dec_accurate.o ABSOLUTE
    ../clib/printf.c                         0x00000000   Number         0  _printf_fp_hex.o ABSOLUTE
    ../clib/printf.c                         0x00000000   Number         0  __printf_nopercent.o ABSOLUTE
    ../clib/printf.c                         0x00000000   Number         0  _printf_char.o ABSOLUTE
    ../clib/printf.c                         0x00000000   Number         0  _printf_wchar.o ABSOLUTE
    ../clib/printf.c                         0x00000000   Number         0  _printf_fp_infnan.o ABSOLUTE
    ../clib/printf_percent.s                 0x00000000   Number         0  _printf_c.o ABSOLUTE
    ../clib/printf_percent.s                 0x00000000   Number         0  _printf_s.o ABSOLUTE
    ../clib/printf_percent.s                 0x00000000   Number         0  _printf_n.o ABSOLUTE
    ../clib/printf_percent.s                 0x00000000   Number         0  _printf_x.o ABSOLUTE
    ../clib/printf_percent.s                 0x00000000   Number         0  _printf_p.o ABSOLUTE
    ../clib/printf_percent.s                 0x00000000   Number         0  _printf_o.o ABSOLUTE
    ../clib/printf_percent.s                 0x00000000   Number         0  _printf_i.o ABSOLUTE
    ../clib/printf_percent.s                 0x00000000   Number         0  _printf_d.o ABSOLUTE
    ../clib/printf_percent.s                 0x00000000   Number         0  _printf_u.o ABSOLUTE
    ../clib/printf_percent.s                 0x00000000   Number         0  _printf_f.o ABSOLUTE
    ../clib/printf_percent.s                 0x00000000   Number         0  _printf_e.o ABSOLUTE
    ../clib/printf_percent.s                 0x00000000   Number         0  _printf_g.o ABSOLUTE
    ../clib/printf_percent.s                 0x00000000   Number         0  _printf_a.o ABSOLUTE
    ../clib/printf_percent.s                 0x00000000   Number         0  _printf_percent.o ABSOLUTE
    ../clib/printf_percent.s                 0x00000000   Number         0  _printf_lli.o ABSOLUTE
    ../clib/printf_percent.s                 0x00000000   Number         0  _printf_lld.o ABSOLUTE
    ../clib/printf_percent.s                 0x00000000   Number         0  _printf_llu.o ABSOLUTE
    ../clib/printf_percent.s                 0x00000000   Number         0  _printf_ll.o ABSOLUTE
    ../clib/printf_percent.s                 0x00000000   Number         0  _printf_l.o ABSOLUTE
    ../clib/printf_percent.s                 0x00000000   Number         0  _printf_lc.o ABSOLUTE
    ../clib/printf_percent.s                 0x00000000   Number         0  _printf_ls.o ABSOLUTE
    ../clib/printf_percent.s                 0x00000000   Number         0  _printf_llo.o ABSOLUTE
    ../clib/printf_percent.s                 0x00000000   Number         0  _printf_llx.o ABSOLUTE
    ../clib/printf_percent.s                 0x00000000   Number         0  _printf_percent_end.o ABSOLUTE
    ../clib/signal.c                         0x00000000   Number         0  defsig_rtmem_outer.o ABSOLUTE
    ../clib/signal.c                         0x00000000   Number         0  defsig_rtmem_formal.o ABSOLUTE
    ../clib/signal.c                         0x00000000   Number         0  defsig_exit.o ABSOLUTE
    ../clib/signal.c                         0x00000000   Number         0  defsig_rtmem_inner.o ABSOLUTE
    ../clib/signal.c                         0x00000000   Number         0  __raise.o ABSOLUTE
    ../clib/signal.c                         0x00000000   Number         0  defsig_general.o ABSOLUTE
    ../clib/signal.c                         0x00000000   Number         0  defsig_abrt_inner.o ABSOLUTE
    ../clib/signal.c                         0x00000000   Number         0  defsig_fpe_inner.o ABSOLUTE
    ../clib/signal.c                         0x00000000   Number         0  defsig_rtred_inner.o ABSOLUTE
    ../clib/signal.c                         0x00000000   Number         0  defsig_stak_inner.o ABSOLUTE
    ../clib/signal.c                         0x00000000   Number         0  defsig_pvfn_inner.o ABSOLUTE
    ../clib/signal.c                         0x00000000   Number         0  defsig_cppl_inner.o ABSOLUTE
    ../clib/signal.c                         0x00000000   Number         0  defsig_segv_inner.o ABSOLUTE
    ../clib/signal.c                         0x00000000   Number         0  defsig_other.o ABSOLUTE
    ../clib/signal.s                         0x00000000   Number         0  defsig.o ABSOLUTE
    ../clib/stdlib.c                         0x00000000   Number         0  exit.o ABSOLUTE
    ../fplib/fpinit.s                        0x00000000   Number         0  fpinit.o ABSOLUTE
    ../fplib/istatus.s                       0x00000000   Number         0  istatus.o ABSOLUTE
    ../fplib/printf1.s                       0x00000000   Number         0  printf1.o ABSOLUTE
    ../fplib/printf2.s                       0x00000000   Number         0  printf2.o ABSOLUTE
    ../fplib/printf2a.s                      0x00000000   Number         0  printf2a.o ABSOLUTE
    ../fplib/printf2b.s                      0x00000000   Number         0  printf2b.o ABSOLUTE
    ../fplib/usenofp.s                       0x00000000   Number         0  usenofp.o ABSOLUTE
    ../mathlib/fpclassify.c                  0x00000000   Number         0  fpclassify.o ABSOLUTE
    RTE/Device/STM32F767ZITx/startup_stm32f767xx.s 0x00000000   Number         0  startup_stm32f767xx.o ABSOLUTE
    dc.s                                     0x00000000   Number         0  dc.o ABSOLUTE
    main.c                                   0x00000000   Number         0  main.o ABSOLUTE
    st7920.c                                 0x00000000   Number         0  st7920.o ABSOLUTE
    system_stm32f7xx.c                       0x00000000   Number         0  system_stm32f7xx.o ABSOLUTE
    tim.c                                    0x00000000   Number         0  tim.o ABSOLUTE
    RESET                                    0x08000000   Section      504  startup_stm32f767xx.o(RESET)
    !!!main                                  0x080001f8   Section        8  __main.o(!!!main)
    !!!scatter                               0x08000200   Section       52  __scatter.o(!!!scatter)
    !!dczerorl2                              0x08000234   Section       90  __dczerorl2.o(!!dczerorl2)
    !!handler_zi                             0x08000290   Section       28  __scatter_zi.o(!!handler_zi)
    .ARM.Collect$$_printf_percent$$00000000  0x080002ac   Section        0  _printf_percent.o(.ARM.Collect$$_printf_percent$$00000000)
    .ARM.Collect$$_printf_percent$$00000001  0x080002ac   Section        6  _printf_n.o(.ARM.Collect$$_printf_percent$$00000001)
    .ARM.Collect$$_printf_percent$$00000002  0x080002b2   Section        6  _printf_p.o(.ARM.Collect$$_printf_percent$$00000002)
    .ARM.Collect$$_printf_percent$$00000003  0x080002b8   Section        6  _printf_f.o(.ARM.Collect$$_printf_percent$$00000003)
    .ARM.Collect$$_printf_percent$$00000004  0x080002be   Section        6  _printf_e.o(.ARM.Collect$$_printf_percent$$00000004)
    .ARM.Collect$$_printf_percent$$00000005  0x080002c4   Section        6  _printf_g.o(.ARM.Collect$$_printf_percent$$00000005)
    .ARM.Collect$$_printf_percent$$00000006  0x080002ca   Section        6  _printf_a.o(.ARM.Collect$$_printf_percent$$00000006)
    .ARM.Collect$$_printf_percent$$00000007  0x080002d0   Section       10  _printf_ll.o(.ARM.Collect$$_printf_percent$$00000007)
    .ARM.Collect$$_printf_percent$$00000008  0x080002da   Section        6  _printf_i.o(.ARM.Collect$$_printf_percent$$00000008)
    .ARM.Collect$$_printf_percent$$00000009  0x080002e0   Section        6  _printf_d.o(.ARM.Collect$$_printf_percent$$00000009)
    .ARM.Collect$$_printf_percent$$0000000A  0x080002e6   Section        6  _printf_u.o(.ARM.Collect$$_printf_percent$$0000000A)
    .ARM.Collect$$_printf_percent$$0000000B  0x080002ec   Section        6  _printf_o.o(.ARM.Collect$$_printf_percent$$0000000B)
    .ARM.Collect$$_printf_percent$$0000000C  0x080002f2   Section        6  _printf_x.o(.ARM.Collect$$_printf_percent$$0000000C)
    .ARM.Collect$$_printf_percent$$0000000D  0x080002f8   Section        6  _printf_lli.o(.ARM.Collect$$_printf_percent$$0000000D)
    .ARM.Collect$$_printf_percent$$0000000E  0x080002fe   Section        6  _printf_lld.o(.ARM.Collect$$_printf_percent$$0000000E)
    .ARM.Collect$$_printf_percent$$0000000F  0x08000304   Section        6  _printf_llu.o(.ARM.Collect$$_printf_percent$$0000000F)
    .ARM.Collect$$_printf_percent$$00000010  0x0800030a   Section        6  _printf_llo.o(.ARM.Collect$$_printf_percent$$00000010)
    .ARM.Collect$$_printf_percent$$00000011  0x08000310   Section        6  _printf_llx.o(.ARM.Collect$$_printf_percent$$00000011)
    .ARM.Collect$$_printf_percent$$00000012  0x08000316   Section       10  _printf_l.o(.ARM.Collect$$_printf_percent$$00000012)
    .ARM.Collect$$_printf_percent$$00000013  0x08000320   Section        6  _printf_c.o(.ARM.Collect$$_printf_percent$$00000013)
    .ARM.Collect$$_printf_percent$$00000014  0x08000326   Section        6  _printf_s.o(.ARM.Collect$$_printf_percent$$00000014)
    .ARM.Collect$$_printf_percent$$00000015  0x0800032c   Section        6  _printf_lc.o(.ARM.Collect$$_printf_percent$$00000015)
    .ARM.Collect$$_printf_percent$$00000016  0x08000332   Section        6  _printf_ls.o(.ARM.Collect$$_printf_percent$$00000016)
    .ARM.Collect$$_printf_percent$$00000017  0x08000338   Section        4  _printf_percent_end.o(.ARM.Collect$$_printf_percent$$00000017)
    .ARM.Collect$$libinit$$00000000          0x0800033c   Section        2  libinit.o(.ARM.Collect$$libinit$$00000000)
    .ARM.Collect$$libinit$$00000001          0x0800033e   Section        4  libinit2.o(.ARM.Collect$$libinit$$00000001)
    .ARM.Collect$$libinit$$00000004          0x08000342   Section        0  libinit2.o(.ARM.Collect$$libinit$$00000004)
    .ARM.Collect$$libinit$$00000006          0x08000342   Section        0  libinit2.o(.ARM.Collect$$libinit$$00000006)
    .ARM.Collect$$libinit$$0000000C          0x08000342   Section        0  libinit2.o(.ARM.Collect$$libinit$$0000000C)
    .ARM.Collect$$libinit$$0000000E          0x08000342   Section        0  libinit2.o(.ARM.Collect$$libinit$$0000000E)
    .ARM.Collect$$libinit$$00000010          0x08000342   Section        0  libinit2.o(.ARM.Collect$$libinit$$00000010)
    .ARM.Collect$$libinit$$00000011          0x08000342   Section        6  libinit2.o(.ARM.Collect$$libinit$$00000011)
    .ARM.Collect$$libinit$$00000013          0x08000348   Section        0  libinit2.o(.ARM.Collect$$libinit$$00000013)
    .ARM.Collect$$libinit$$00000014          0x08000348   Section       12  libinit2.o(.ARM.Collect$$libinit$$00000014)
    .ARM.Collect$$libinit$$00000015          0x08000354   Section        0  libinit2.o(.ARM.Collect$$libinit$$00000015)
    .ARM.Collect$$libinit$$00000017          0x08000354   Section        0  libinit2.o(.ARM.Collect$$libinit$$00000017)
    .ARM.Collect$$libinit$$00000018          0x08000354   Section       10  libinit2.o(.ARM.Collect$$libinit$$00000018)
    .ARM.Collect$$libinit$$00000019          0x0800035e   Section        0  libinit2.o(.ARM.Collect$$libinit$$00000019)
    .ARM.Collect$$libinit$$0000001B          0x0800035e   Section        0  libinit2.o(.ARM.Collect$$libinit$$0000001B)
    .ARM.Collect$$libinit$$0000001D          0x0800035e   Section        0  libinit2.o(.ARM.Collect$$libinit$$0000001D)
    .ARM.Collect$$libinit$$0000001F          0x0800035e   Section        0  libinit2.o(.ARM.Collect$$libinit$$0000001F)
    .ARM.Collect$$libinit$$00000021          0x0800035e   Section        0  libinit2.o(.ARM.Collect$$libinit$$00000021)
    .ARM.Collect$$libinit$$00000023          0x0800035e   Section        0  libinit2.o(.ARM.Collect$$libinit$$00000023)
    .ARM.Collect$$libinit$$00000025          0x0800035e   Section        0  libinit2.o(.ARM.Collect$$libinit$$00000025)
    .ARM.Collect$$libinit$$00000027          0x0800035e   Section        0  libinit2.o(.ARM.Collect$$libinit$$00000027)
    .ARM.Collect$$libinit$$0000002E          0x0800035e   Section        0  libinit2.o(.ARM.Collect$$libinit$$0000002E)
    .ARM.Collect$$libinit$$00000030          0x0800035e   Section        0  libinit2.o(.ARM.Collect$$libinit$$00000030)
    .ARM.Collect$$libinit$$00000032          0x0800035e   Section        0  libinit2.o(.ARM.Collect$$libinit$$00000032)
    .ARM.Collect$$libinit$$00000034          0x0800035e   Section        0  libinit2.o(.ARM.Collect$$libinit$$00000034)
    .ARM.Collect$$libinit$$00000035          0x0800035e   Section        2  libinit2.o(.ARM.Collect$$libinit$$00000035)
    .ARM.Collect$$libshutdown$$00000000      0x08000360   Section        2  libshutdown.o(.ARM.Collect$$libshutdown$$00000000)
    .ARM.Collect$$libshutdown$$00000002      0x08000362   Section        0  libshutdown2.o(.ARM.Collect$$libshutdown$$00000002)
    .ARM.Collect$$libshutdown$$00000004      0x08000362   Section        0  libshutdown2.o(.ARM.Collect$$libshutdown$$00000004)
    .ARM.Collect$$libshutdown$$00000007      0x08000362   Section        0  libshutdown2.o(.ARM.Collect$$libshutdown$$00000007)
    .ARM.Collect$$libshutdown$$0000000A      0x08000362   Section        0  libshutdown2.o(.ARM.Collect$$libshutdown$$0000000A)
    .ARM.Collect$$libshutdown$$0000000C      0x08000362   Section        0  libshutdown2.o(.ARM.Collect$$libshutdown$$0000000C)
    .ARM.Collect$$libshutdown$$0000000F      0x08000362   Section        0  libshutdown2.o(.ARM.Collect$$libshutdown$$0000000F)
    .ARM.Collect$$libshutdown$$00000010      0x08000362   Section        2  libshutdown2.o(.ARM.Collect$$libshutdown$$00000010)
    .ARM.Collect$$rtentry$$00000000          0x08000364   Section        0  __rtentry.o(.ARM.Collect$$rtentry$$00000000)
    .ARM.Collect$$rtentry$$00000002          0x08000364   Section        0  __rtentry2.o(.ARM.Collect$$rtentry$$00000002)
    .ARM.Collect$$rtentry$$00000004          0x08000364   Section        6  __rtentry4.o(.ARM.Collect$$rtentry$$00000004)
    .ARM.Collect$$rtentry$$00000009          0x0800036a   Section        0  __rtentry2.o(.ARM.Collect$$rtentry$$00000009)
    .ARM.Collect$$rtentry$$0000000A          0x0800036a   Section        4  __rtentry2.o(.ARM.Collect$$rtentry$$0000000A)
    .ARM.Collect$$rtentry$$0000000C          0x0800036e   Section        0  __rtentry2.o(.ARM.Collect$$rtentry$$0000000C)
    .ARM.Collect$$rtentry$$0000000D          0x0800036e   Section        8  __rtentry2.o(.ARM.Collect$$rtentry$$0000000D)
    .ARM.Collect$$rtexit$$00000000           0x08000376   Section        2  rtexit.o(.ARM.Collect$$rtexit$$00000000)
    .ARM.Collect$$rtexit$$00000002           0x08000378   Section        0  rtexit2.o(.ARM.Collect$$rtexit$$00000002)
    .ARM.Collect$$rtexit$$00000003           0x08000378   Section        4  rtexit2.o(.ARM.Collect$$rtexit$$00000003)
    .ARM.Collect$$rtexit$$00000004           0x0800037c   Section        6  rtexit2.o(.ARM.Collect$$rtexit$$00000004)
    $v0                                      0x08000384   Number         0  startup_stm32f767xx.o(.text)
    .text                                    0x08000384   Section       64  startup_stm32f767xx.o(.text)
    .text                                    0x080003c4   Section        0  vsprintf.o(.text)
    .text                                    0x080003e8   Section        0  heapauxi.o(.text)
    .text                                    0x080003ee   Section        0  _printf_pad.o(.text)
    .text                                    0x0800043c   Section        0  _printf_truncate.o(.text)
    .text                                    0x08000460   Section        0  _printf_str.o(.text)
    .text                                    0x080004b4   Section        0  _printf_dec.o(.text)
    .text                                    0x0800052c   Section        0  _printf_charcount.o(.text)
    _printf_input_char                       0x08000555   Thumb Code    10  _printf_char_common.o(.text)
    .text                                    0x08000554   Section        0  _printf_char_common.o(.text)
    .text                                    0x08000584   Section        0  _sputc.o(.text)
    .text                                    0x08000590   Section        0  _printf_wctomb.o(.text)
    .text                                    0x0800064c   Section        0  _printf_longlong_dec.o(.text)
    _printf_longlong_oct_internal            0x080006c9   Thumb Code     0  _printf_oct_int_ll.o(.text)
    .text                                    0x080006c8   Section        0  _printf_oct_int_ll.o(.text)
    _printf_hex_common                       0x08000739   Thumb Code     0  _printf_hex_int_ll_ptr.o(.text)
    .text                                    0x08000738   Section        0  _printf_hex_int_ll_ptr.o(.text)
    .text                                    0x080007cc   Section        0  __printf_flags_ss_wp.o(.text)
    .text                                    0x08000954   Section      138  lludiv10.o(.text)
    .text                                    0x080009de   Section        0  _printf_intcommon.o(.text)
    _fp_digits                               0x08000a91   Thumb Code   432  _printf_fp_dec.o(.text)
    .text                                    0x08000a90   Section        0  _printf_fp_dec.o(.text)
    .text                                    0x08000eac   Section        0  _printf_fp_hex.o(.text)
    .text                                    0x080011a8   Section        0  _printf_char.o(.text)
    .text                                    0x080011d4   Section        0  _printf_wchar.o(.text)
    .text                                    0x08001200   Section        0  _c16rtomb.o(.text)
    .text                                    0x08001248   Section       74  sys_stackheap_outer.o(.text)
    .text                                    0x08001294   Section       16  rt_ctype_table.o(.text)
    .text                                    0x080012a4   Section        8  rt_locale_intlibspace.o(.text)
    .text                                    0x080012ac   Section        0  _printf_fp_infnan.o(.text)
    .text                                    0x0800132c   Section        0  bigflt0.o(.text)
    .text                                    0x08001410   Section        0  exit.o(.text)
    .text                                    0x08001424   Section        8  libspace.o(.text)
    .text                                    0x08001430   Section      124  strcmpv7m_pel.o(.text)
    .text                                    0x080014ac   Section        0  sys_exit.o(.text)
    .text                                    0x080014b8   Section        2  use_no_semi.o(.text)
    .text                                    0x080014ba   Section        0  indicate_semi.o(.text)
    [Anonymous Symbol]                       0x080014c0   Section        0  st7920.o(.text.ST7920_Clear)
    [Anonymous Symbol]                       0x08001570   Section        0  st7920.o(.text.ST7920_Clear_GLCD_Buffer)
    [Anonymous Symbol]                       0x080015a0   Section        0  st7920.o(.text.ST7920_DrawBitmap)
    [Anonymous Symbol]                       0x080016a8   Section        0  st7920.o(.text.ST7920_Font_Print)
    [Anonymous Symbol]                       0x08001868   Section        0  st7920.o(.text.ST7920_GraphicMode)
    [Anonymous Symbol]                       0x080018d0   Section        0  st7920.o(.text.ST7920_Init)
    ST7920_SendCmd                           0x08001961   Thumb Code    68  st7920.o(.text.ST7920_SendCmd)
    [Anonymous Symbol]                       0x08001960   Section        0  st7920.o(.text.ST7920_SendCmd)
    ST7920_SendData                          0x080019a9   Thumb Code    68  st7920.o(.text.ST7920_SendData)
    [Anonymous Symbol]                       0x080019a8   Section        0  st7920.o(.text.ST7920_SendData)
    [Anonymous Symbol]                       0x080019f0   Section        0  st7920.o(.text.ST7920_Send_GLCD_Buffer)
    ST7920_spi_init                          0x08001a01   Thumb Code   224  st7920.o(.text.ST7920_spi_init)
    [Anonymous Symbol]                       0x08001a00   Section        0  st7920.o(.text.ST7920_spi_init)
    [Anonymous Symbol]                       0x08001ae0   Section        0  st7920.o(.text.SetPixel)
    [Anonymous Symbol]                       0x08001bb0   Section        0  system_stm32f7xx.o(.text.SystemInit)
    [Anonymous Symbol]                       0x08001bc8   Section        0  tim.o(.text.TIM_Wait)
    [Anonymous Symbol]                       0x08001c30   Section        0  tim.o(.text.TIM_WaitMicros)
    [Anonymous Symbol]                       0x08001c98   Section        0  main.o(.text.main)
    st7920_spi_transmit                      0x08001d51   Thumb Code   136  st7920.o(.text.st7920_spi_transmit)
    [Anonymous Symbol]                       0x08001d50   Section        0  st7920.o(.text.st7920_spi_transmit)
    CL$$btod_d2e                             0x08001dd8   Section       62  btod.o(CL$$btod_d2e)
    CL$$btod_d2e_denorm_low                  0x08001e16   Section       70  btod.o(CL$$btod_d2e_denorm_low)
    CL$$btod_d2e_norm_op1                    0x08001e5c   Section       96  btod.o(CL$$btod_d2e_norm_op1)
    CL$$btod_div_common                      0x08001ebc   Section      824  btod.o(CL$$btod_div_common)
    CL$$btod_e2e                             0x080021f4   Section      220  btod.o(CL$$btod_e2e)
    CL$$btod_ediv                            0x080022d0   Section       42  btod.o(CL$$btod_ediv)
    CL$$btod_emul                            0x080022fa   Section       42  btod.o(CL$$btod_emul)
    CL$$btod_mult_common                     0x08002324   Section      580  btod.o(CL$$btod_mult_common)
    i.__ARM_fpclassify                       0x08002568   Section        0  fpclassify.o(i.__ARM_fpclassify)
    i._is_digit                              0x08002598   Section        0  __printf_wp.o(i._is_digit)
    locale$$code                             0x080025a8   Section       44  lc_numeric_c.o(locale$$code)
    locale$$code                             0x080025d4   Section       44  lc_ctype_c.o(locale$$code)
    $v0                                      0x08002600   Number         0  fpinit.o(x$fpl$fpinit)
    x$fpl$fpinit                             0x08002600   Section       26  fpinit.o(x$fpl$fpinit)
    $v0                                      0x0800261a   Number         0  printf1.o(x$fpl$printf1)
    x$fpl$printf1                            0x0800261a   Section        4  printf1.o(x$fpl$printf1)
    $v0                                      0x0800261e   Number         0  printf2.o(x$fpl$printf2)
    x$fpl$printf2                            0x0800261e   Section        4  printf2.o(x$fpl$printf2)
    x$fpl$usenofp                            0x08002622   Section        0  usenofp.o(x$fpl$usenofp)
    initial_mbstate                          0x08002624   Data           8  _printf_wctomb.o(.constdata)
    .constdata                               0x08002624   Section        8  _printf_wctomb.o(.constdata)
    uc_hextab                                0x0800262c   Data          20  _printf_hex_int_ll_ptr.o(.constdata)
    .constdata                               0x0800262c   Section       40  _printf_hex_int_ll_ptr.o(.constdata)
    lc_hextab                                0x08002640   Data          20  _printf_hex_int_ll_ptr.o(.constdata)
    maptable                                 0x08002654   Data          17  __printf_flags_ss_wp.o(.constdata)
    .constdata                               0x08002654   Section       17  __printf_flags_ss_wp.o(.constdata)
    lc_hextab                                0x08002665   Data          19  _printf_fp_hex.o(.constdata)
    .constdata                               0x08002665   Section       38  _printf_fp_hex.o(.constdata)
    uc_hextab                                0x08002678   Data          19  _printf_fp_hex.o(.constdata)
    tenpwrs_x                                0x0800268c   Data          60  bigflt0.o(.constdata)
    .constdata                               0x0800268c   Section      148  bigflt0.o(.constdata)
    tenpwrs_i                                0x080026c8   Data          64  bigflt0.o(.constdata)
    .L.str                                   0x08002720   Data          14  main.o(.rodata.str1.1)
    [Anonymous Symbol]                       0x08002720   Section        0  main.o(.rodata.str1.1)
    .L.str.4                                 0x0800272e   Data          17  main.o(.rodata.str1.1)
    .L.str.2                                 0x0800273f   Data          19  main.o(.rodata.str1.1)
    .L.str.3                                 0x08002752   Data          18  main.o(.rodata.str1.1)
    .L.str.1                                 0x08002764   Data          18  main.o(.rodata.str1.1)
    locale$$data                             0x08002798   Section       28  lc_numeric_c.o(locale$$data)
    __lcnum_c_name                           0x0800279c   Data           2  lc_numeric_c.o(locale$$data)
    __lcnum_c_start                          0x080027a4   Data           0  lc_numeric_c.o(locale$$data)
    __lcnum_c_point                          0x080027b0   Data           0  lc_numeric_c.o(locale$$data)
    __lcnum_c_thousands                      0x080027b2   Data           0  lc_numeric_c.o(locale$$data)
    __lcnum_c_grouping                       0x080027b3   Data           0  lc_numeric_c.o(locale$$data)
    __lcnum_c_end                            0x080027b4   Data           0  lc_numeric_c.o(locale$$data)
    locale$$data                             0x080027b4   Section      272  lc_ctype_c.o(locale$$data)
    __lcctype_c_name                         0x080027b8   Data           2  lc_ctype_c.o(locale$$data)
    __lcctype_c_start                        0x080027c0   Data           0  lc_ctype_c.o(locale$$data)
    __lcctype_c_end                          0x080028c4   Data           0  lc_ctype_c.o(locale$$data)
    Arial12x12                               0x20020000   Data        2404  main.o(.data.Arial12x12)
    [Anonymous Symbol]                       0x20020000   Section        0  main.o(.data.Arial12x12)
    numCols                                  0x20020964   Data           1  st7920.o(.data.numCols)
    [Anonymous Symbol]                       0x20020964   Section        0  st7920.o(.data.numCols)
    numRows                                  0x20020965   Data           1  st7920.o(.data.numRows)
    [Anonymous Symbol]                       0x20020965   Section        0  st7920.o(.data.numRows)
    .bss                                     0x20020968   Section       96  libspace.o(.bss)
    GLCD_Buffer                              0x200209c8   Data        1024  st7920.o(.bss.GLCD_Buffer)
    [Anonymous Symbol]                       0x200209c8   Section        0  st7920.o(.bss.GLCD_Buffer)
    Graphic_Check                            0x20020dc8   Data           1  st7920.o(.bss.Graphic_Check)
    [Anonymous Symbol]                       0x20020dc8   Section        0  st7920.o(.bss.Graphic_Check)
    Heap_Mem                                 0x20020dd0   Data         512  startup_stm32f767xx.o(HEAP)
    HEAP                                     0x20020dd0   Section      512  startup_stm32f767xx.o(HEAP)
    Stack_Mem                                0x20020fd0   Data        1024  startup_stm32f767xx.o(STACK)
    STACK                                    0x20020fd0   Section     1024  startup_stm32f767xx.o(STACK)
    __initial_sp                             0x200213d0   Data           0  startup_stm32f767xx.o(STACK)

    Global Symbols

    Symbol Name                              Value     Ov Type        Size  Object(Section)

    BuildAttributes$$THM_ISAv4$E$P$D$K$B$S$7EM$VFPv5_D16$PE$PLD8$A:L22UL41UL21$X:L11$S22US41US21$IEEE1$IW$~IW$USESV6$~STKCKD$USESV7$~SHL$OTIME$ROPI$IEEEJ$EBA8$UX$STANDARDLIB$REQ8$PRES8$EABIv2 0x00000000   Number         0  anon$$obj.o ABSOLUTE
    _printf_flags                            0x00000000   Number         0  printf_stubs.o ABSOLUTE
    _printf_return_value                     0x00000000   Number         0  printf_stubs.o ABSOLUTE
    _printf_sizespec                         0x00000000   Number         0  printf_stubs.o ABSOLUTE
    _printf_widthprec                        0x00000000   Number         0  printf_stubs.o ABSOLUTE
    __ARM_exceptions_init                     - Undefined Weak Reference
    __alloca_initialize                       - Undefined Weak Reference
    __arm_preinit_                            - Undefined Weak Reference
    __arm_relocate_pie_                       - Undefined Weak Reference
    __cpp_initialize__aeabi_                  - Undefined Weak Reference
    __cxa_finalize                            - Undefined Weak Reference
    __sigvec_lookup                           - Undefined Weak Reference
    _atexit_init                              - Undefined Weak Reference
    _call_atexit_fns                          - Undefined Weak Reference
    _clock_init                               - Undefined Weak Reference
    _fp_trap_init                             - Undefined Weak Reference
    _fp_trap_shutdown                         - Undefined Weak Reference
    _get_lc_collate                           - Undefined Weak Reference
    _get_lc_monetary                          - Undefined Weak Reference
    _get_lc_time                              - Undefined Weak Reference
    _getenv_init                              - Undefined Weak Reference
    _handle_redirection                       - Undefined Weak Reference
    _init_alloc                               - Undefined Weak Reference
    _init_user_alloc                          - Undefined Weak Reference
    _initio                                   - Undefined Weak Reference
    _printf_mbtowc                            - Undefined Weak Reference
    _printf_wc                                - Undefined Weak Reference
    _rand_init                                - Undefined Weak Reference
    _signal_finish                            - Undefined Weak Reference
    _signal_init                              - Undefined Weak Reference
    _terminate_alloc                          - Undefined Weak Reference
    _terminate_user_alloc                     - Undefined Weak Reference
    _terminateio                              - Undefined Weak Reference
    __Vectors_Size                           0x000001f8   Number         0  startup_stm32f767xx.o ABSOLUTE
    __Vectors                                0x08000000   Data           4  startup_stm32f767xx.o(RESET)
    __Vectors_End                            0x080001f8   Data           0  startup_stm32f767xx.o(RESET)
    __main                                   0x080001f9   Thumb Code     8  __main.o(!!!main)
    __scatterload                            0x08000201   Thumb Code     0  __scatter.o(!!!scatter)
    __scatterload_rt2                        0x08000201   Thumb Code    44  __scatter.o(!!!scatter)
    __scatterload_rt2_thumb_only             0x08000201   Thumb Code     0  __scatter.o(!!!scatter)
    __scatterload_null                       0x0800020f   Thumb Code     0  __scatter.o(!!!scatter)
    __decompress                             0x08000235   Thumb Code    90  __dczerorl2.o(!!dczerorl2)
    __decompress1                            0x08000235   Thumb Code     0  __dczerorl2.o(!!dczerorl2)
    __scatterload_zeroinit                   0x08000291   Thumb Code    28  __scatter_zi.o(!!handler_zi)
    _printf_n                                0x080002ad   Thumb Code     0  _printf_n.o(.ARM.Collect$$_printf_percent$$00000001)
    _printf_percent                          0x080002ad   Thumb Code     0  _printf_percent.o(.ARM.Collect$$_printf_percent$$00000000)
    _printf_p                                0x080002b3   Thumb Code     0  _printf_p.o(.ARM.Collect$$_printf_percent$$00000002)
    _printf_f                                0x080002b9   Thumb Code     0  _printf_f.o(.ARM.Collect$$_printf_percent$$00000003)
    _printf_e                                0x080002bf   Thumb Code     0  _printf_e.o(.ARM.Collect$$_printf_percent$$00000004)
    _printf_g                                0x080002c5   Thumb Code     0  _printf_g.o(.ARM.Collect$$_printf_percent$$00000005)
    _printf_a                                0x080002cb   Thumb Code     0  _printf_a.o(.ARM.Collect$$_printf_percent$$00000006)
    _printf_ll                               0x080002d1   Thumb Code     0  _printf_ll.o(.ARM.Collect$$_printf_percent$$00000007)
    _printf_i                                0x080002db   Thumb Code     0  _printf_i.o(.ARM.Collect$$_printf_percent$$00000008)
    _printf_d                                0x080002e1   Thumb Code     0  _printf_d.o(.ARM.Collect$$_printf_percent$$00000009)
    _printf_u                                0x080002e7   Thumb Code     0  _printf_u.o(.ARM.Collect$$_printf_percent$$0000000A)
    _printf_o                                0x080002ed   Thumb Code     0  _printf_o.o(.ARM.Collect$$_printf_percent$$0000000B)
    _printf_x                                0x080002f3   Thumb Code     0  _printf_x.o(.ARM.Collect$$_printf_percent$$0000000C)
    _printf_lli                              0x080002f9   Thumb Code     0  _printf_lli.o(.ARM.Collect$$_printf_percent$$0000000D)
    _printf_lld                              0x080002ff   Thumb Code     0  _printf_lld.o(.ARM.Collect$$_printf_percent$$0000000E)
    _printf_llu                              0x08000305   Thumb Code     0  _printf_llu.o(.ARM.Collect$$_printf_percent$$0000000F)
    _printf_llo                              0x0800030b   Thumb Code     0  _printf_llo.o(.ARM.Collect$$_printf_percent$$00000010)
    _printf_llx                              0x08000311   Thumb Code     0  _printf_llx.o(.ARM.Collect$$_printf_percent$$00000011)
    _printf_l                                0x08000317   Thumb Code     0  _printf_l.o(.ARM.Collect$$_printf_percent$$00000012)
    _printf_c                                0x08000321   Thumb Code     0  _printf_c.o(.ARM.Collect$$_printf_percent$$00000013)
    _printf_s                                0x08000327   Thumb Code     0  _printf_s.o(.ARM.Collect$$_printf_percent$$00000014)
    _printf_lc                               0x0800032d   Thumb Code     0  _printf_lc.o(.ARM.Collect$$_printf_percent$$00000015)
    _printf_ls                               0x08000333   Thumb Code     0  _printf_ls.o(.ARM.Collect$$_printf_percent$$00000016)
    _printf_percent_end                      0x08000339   Thumb Code     0  _printf_percent_end.o(.ARM.Collect$$_printf_percent$$00000017)
    __rt_lib_init                            0x0800033d   Thumb Code     0  libinit.o(.ARM.Collect$$libinit$$00000000)
    __rt_lib_init_fp_1                       0x0800033f   Thumb Code     0  libinit2.o(.ARM.Collect$$libinit$$00000001)
    __rt_lib_init_heap_1                     0x08000343   Thumb Code     0  libinit2.o(.ARM.Collect$$libinit$$0000000C)
    __rt_lib_init_lc_common                  0x08000343   Thumb Code     0  libinit2.o(.ARM.Collect$$libinit$$00000011)
    __rt_lib_init_preinit_1                  0x08000343   Thumb Code     0  libinit2.o(.ARM.Collect$$libinit$$00000006)
    __rt_lib_init_rand_1                     0x08000343   Thumb Code     0  libinit2.o(.ARM.Collect$$libinit$$00000010)
    __rt_lib_init_relocate_pie_1             0x08000343   Thumb Code     0  libinit2.o(.ARM.Collect$$libinit$$00000004)
    __rt_lib_init_user_alloc_1               0x08000343   Thumb Code     0  libinit2.o(.ARM.Collect$$libinit$$0000000E)
    __rt_lib_init_lc_collate_1               0x08000349   Thumb Code     0  libinit2.o(.ARM.Collect$$libinit$$00000013)
    __rt_lib_init_lc_ctype_2                 0x08000349   Thumb Code     0  libinit2.o(.ARM.Collect$$libinit$$00000014)
    __rt_lib_init_lc_ctype_1                 0x08000355   Thumb Code     0  libinit2.o(.ARM.Collect$$libinit$$00000015)
    __rt_lib_init_lc_monetary_1              0x08000355   Thumb Code     0  libinit2.o(.ARM.Collect$$libinit$$00000017)
    __rt_lib_init_lc_numeric_2               0x08000355   Thumb Code     0  libinit2.o(.ARM.Collect$$libinit$$00000018)
    __rt_lib_init_alloca_1                   0x0800035f   Thumb Code     0  libinit2.o(.ARM.Collect$$libinit$$00000030)
    __rt_lib_init_argv_1                     0x0800035f   Thumb Code     0  libinit2.o(.ARM.Collect$$libinit$$0000002E)
    __rt_lib_init_atexit_1                   0x0800035f   Thumb Code     0  libinit2.o(.ARM.Collect$$libinit$$0000001D)
    __rt_lib_init_clock_1                    0x0800035f   Thumb Code     0  libinit2.o(.ARM.Collect$$libinit$$00000023)
    __rt_lib_init_cpp_1                      0x0800035f   Thumb Code     0  libinit2.o(.ARM.Collect$$libinit$$00000034)
    __rt_lib_init_exceptions_1               0x0800035f   Thumb Code     0  libinit2.o(.ARM.Collect$$libinit$$00000032)
    __rt_lib_init_fp_trap_1                  0x0800035f   Thumb Code     0  libinit2.o(.ARM.Collect$$libinit$$00000021)
    __rt_lib_init_getenv_1                   0x0800035f   Thumb Code     0  libinit2.o(.ARM.Collect$$libinit$$00000025)
    __rt_lib_init_lc_numeric_1               0x0800035f   Thumb Code     0  libinit2.o(.ARM.Collect$$libinit$$00000019)
    __rt_lib_init_lc_time_1                  0x0800035f   Thumb Code     0  libinit2.o(.ARM.Collect$$libinit$$0000001B)
    __rt_lib_init_return                     0x0800035f   Thumb Code     0  libinit2.o(.ARM.Collect$$libinit$$00000035)
    __rt_lib_init_signal_1                   0x0800035f   Thumb Code     0  libinit2.o(.ARM.Collect$$libinit$$0000001F)
    __rt_lib_init_stdio_1                    0x0800035f   Thumb Code     0  libinit2.o(.ARM.Collect$$libinit$$00000027)
    __rt_lib_shutdown                        0x08000361   Thumb Code     0  libshutdown.o(.ARM.Collect$$libshutdown$$00000000)
    __rt_lib_shutdown_cpp_1                  0x08000363   Thumb Code     0  libshutdown2.o(.ARM.Collect$$libshutdown$$00000002)
    __rt_lib_shutdown_fp_trap_1              0x08000363   Thumb Code     0  libshutdown2.o(.ARM.Collect$$libshutdown$$00000007)
    __rt_lib_shutdown_heap_1                 0x08000363   Thumb Code     0  libshutdown2.o(.ARM.Collect$$libshutdown$$0000000F)
    __rt_lib_shutdown_return                 0x08000363   Thumb Code     0  libshutdown2.o(.ARM.Collect$$libshutdown$$00000010)
    __rt_lib_shutdown_signal_1               0x08000363   Thumb Code     0  libshutdown2.o(.ARM.Collect$$libshutdown$$0000000A)
    __rt_lib_shutdown_stdio_1                0x08000363   Thumb Code     0  libshutdown2.o(.ARM.Collect$$libshutdown$$00000004)
    __rt_lib_shutdown_user_alloc_1           0x08000363   Thumb Code     0  libshutdown2.o(.ARM.Collect$$libshutdown$$0000000C)
    __rt_entry                               0x08000365   Thumb Code     0  __rtentry.o(.ARM.Collect$$rtentry$$00000000)
    __rt_entry_presh_1                       0x08000365   Thumb Code     0  __rtentry2.o(.ARM.Collect$$rtentry$$00000002)
    __rt_entry_sh                            0x08000365   Thumb Code     0  __rtentry4.o(.ARM.Collect$$rtentry$$00000004)
    __rt_entry_li                            0x0800036b   Thumb Code     0  __rtentry2.o(.ARM.Collect$$rtentry$$0000000A)
    __rt_entry_postsh_1                      0x0800036b   Thumb Code     0  __rtentry2.o(.ARM.Collect$$rtentry$$00000009)
    __rt_entry_main                          0x0800036f   Thumb Code     0  __rtentry2.o(.ARM.Collect$$rtentry$$0000000D)
    __rt_entry_postli_1                      0x0800036f   Thumb Code     0  __rtentry2.o(.ARM.Collect$$rtentry$$0000000C)
    __rt_exit                                0x08000377   Thumb Code     0  rtexit.o(.ARM.Collect$$rtexit$$00000000)
    __rt_exit_ls                             0x08000379   Thumb Code     0  rtexit2.o(.ARM.Collect$$rtexit$$00000003)
    __rt_exit_prels_1                        0x08000379   Thumb Code     0  rtexit2.o(.ARM.Collect$$rtexit$$00000002)
    __rt_exit_exit                           0x0800037d   Thumb Code     0  rtexit2.o(.ARM.Collect$$rtexit$$00000004)
    Reset_Handler                            0x08000385   Thumb Code     8  startup_stm32f767xx.o(.text)
    NMI_Handler                              0x0800038d   Thumb Code     2  startup_stm32f767xx.o(.text)
    HardFault_Handler                        0x0800038f   Thumb Code     2  startup_stm32f767xx.o(.text)
    MemManage_Handler                        0x08000391   Thumb Code     2  startup_stm32f767xx.o(.text)
    BusFault_Handler                         0x08000393   Thumb Code     2  startup_stm32f767xx.o(.text)
    UsageFault_Handler                       0x08000395   Thumb Code     2  startup_stm32f767xx.o(.text)
    SVC_Handler                              0x08000397   Thumb Code     2  startup_stm32f767xx.o(.text)
    DebugMon_Handler                         0x08000399   Thumb Code     2  startup_stm32f767xx.o(.text)
    PendSV_Handler                           0x0800039b   Thumb Code     2  startup_stm32f767xx.o(.text)
    SysTick_Handler                          0x0800039d   Thumb Code     2  startup_stm32f767xx.o(.text)
    ADC_IRQHandler                           0x0800039f   Thumb Code     0  startup_stm32f767xx.o(.text)
    CAN1_RX0_IRQHandler                      0x0800039f   Thumb Code     0  startup_stm32f767xx.o(.text)
    CAN1_RX1_IRQHandler                      0x0800039f   Thumb Code     0  startup_stm32f767xx.o(.text)
    CAN1_SCE_IRQHandler                      0x0800039f   Thumb Code     0  startup_stm32f767xx.o(.text)
    CAN1_TX_IRQHandler                       0x0800039f   Thumb Code     0  startup_stm32f767xx.o(.text)
    CAN2_RX0_IRQHandler                      0x0800039f   Thumb Code     0  startup_stm32f767xx.o(.text)
    CAN2_RX1_IRQHandler                      0x0800039f   Thumb Code     0  startup_stm32f767xx.o(.text)
    CAN2_SCE_IRQHandler                      0x0800039f   Thumb Code     0  startup_stm32f767xx.o(.text)
    CAN2_TX_IRQHandler                       0x0800039f   Thumb Code     0  startup_stm32f767xx.o(.text)
    CAN3_RX0_IRQHandler                      0x0800039f   Thumb Code     0  startup_stm32f767xx.o(.text)
    CAN3_RX1_IRQHandler                      0x0800039f   Thumb Code     0  startup_stm32f767xx.o(.text)
    CAN3_SCE_IRQHandler                      0x0800039f   Thumb Code     0  startup_stm32f767xx.o(.text)
    CAN3_TX_IRQHandler                       0x0800039f   Thumb Code     0  startup_stm32f767xx.o(.text)
    CEC_IRQHandler                           0x0800039f   Thumb Code     0  startup_stm32f767xx.o(.text)
    DCMI_IRQHandler                          0x0800039f   Thumb Code     0  startup_stm32f767xx.o(.text)
    DFSDM1_FLT0_IRQHandler                   0x0800039f   Thumb Code     0  startup_stm32f767xx.o(.text)
    DFSDM1_FLT1_IRQHandler                   0x0800039f   Thumb Code     0  startup_stm32f767xx.o(.text)
    DFSDM1_FLT2_IRQHandler                   0x0800039f   Thumb Code     0  startup_stm32f767xx.o(.text)
    DFSDM1_FLT3_IRQHandler                   0x0800039f   Thumb Code     0  startup_stm32f767xx.o(.text)
    DMA1_Stream0_IRQHandler                  0x0800039f   Thumb Code     0  startup_stm32f767xx.o(.text)
    DMA1_Stream1_IRQHandler                  0x0800039f   Thumb Code     0  startup_stm32f767xx.o(.text)
    DMA1_Stream2_IRQHandler                  0x0800039f   Thumb Code     0  startup_stm32f767xx.o(.text)
    DMA1_Stream3_IRQHandler                  0x0800039f   Thumb Code     0  startup_stm32f767xx.o(.text)
    DMA1_Stream4_IRQHandler                  0x0800039f   Thumb Code     0  startup_stm32f767xx.o(.text)
    DMA1_Stream5_IRQHandler                  0x0800039f   Thumb Code     0  startup_stm32f767xx.o(.text)
    DMA1_Stream6_IRQHandler                  0x0800039f   Thumb Code     0  startup_stm32f767xx.o(.text)
    DMA1_Stream7_IRQHandler                  0x0800039f   Thumb Code     0  startup_stm32f767xx.o(.text)
    DMA2D_IRQHandler                         0x0800039f   Thumb Code     0  startup_stm32f767xx.o(.text)
    DMA2_Stream0_IRQHandler                  0x0800039f   Thumb Code     0  startup_stm32f767xx.o(.text)
    DMA2_Stream1_IRQHandler                  0x0800039f   Thumb Code     0  startup_stm32f767xx.o(.text)
    DMA2_Stream2_IRQHandler                  0x0800039f   Thumb Code     0  startup_stm32f767xx.o(.text)
    DMA2_Stream3_IRQHandler                  0x0800039f   Thumb Code     0  startup_stm32f767xx.o(.text)
    DMA2_Stream4_IRQHandler                  0x0800039f   Thumb Code     0  startup_stm32f767xx.o(.text)
    DMA2_Stream5_IRQHandler                  0x0800039f   Thumb Code     0  startup_stm32f767xx.o(.text)
    DMA2_Stream6_IRQHandler                  0x0800039f   Thumb Code     0  startup_stm32f767xx.o(.text)
    DMA2_Stream7_IRQHandler                  0x0800039f   Thumb Code     0  startup_stm32f767xx.o(.text)
    ETH_IRQHandler                           0x0800039f   Thumb Code     0  startup_stm32f767xx.o(.text)
    ETH_WKUP_IRQHandler                      0x0800039f   Thumb Code     0  startup_stm32f767xx.o(.text)
    EXTI0_IRQHandler                         0x0800039f   Thumb Code     0  startup_stm32f767xx.o(.text)
    EXTI15_10_IRQHandler                     0x0800039f   Thumb Code     0  startup_stm32f767xx.o(.text)
    EXTI1_IRQHandler                         0x0800039f   Thumb Code     0  startup_stm32f767xx.o(.text)
    EXTI2_IRQHandler                         0x0800039f   Thumb Code     0  startup_stm32f767xx.o(.text)
    EXTI3_IRQHandler                         0x0800039f   Thumb Code     0  startup_stm32f767xx.o(.text)
    EXTI4_IRQHandler                         0x0800039f   Thumb Code     0  startup_stm32f767xx.o(.text)
    EXTI9_5_IRQHandler                       0x0800039f   Thumb Code     0  startup_stm32f767xx.o(.text)
    FLASH_IRQHandler                         0x0800039f   Thumb Code     0  startup_stm32f767xx.o(.text)
    FMC_IRQHandler                           0x0800039f   Thumb Code     0  startup_stm32f767xx.o(.text)
    FPU_IRQHandler                           0x0800039f   Thumb Code     0  startup_stm32f767xx.o(.text)
    I2C1_ER_IRQHandler                       0x0800039f   Thumb Code     0  startup_stm32f767xx.o(.text)
    I2C1_EV_IRQHandler                       0x0800039f   Thumb Code     0  startup_stm32f767xx.o(.text)
    I2C2_ER_IRQHandler                       0x0800039f   Thumb Code     0  startup_stm32f767xx.o(.text)
    I2C2_EV_IRQHandler                       0x0800039f   Thumb Code     0  startup_stm32f767xx.o(.text)
    I2C3_ER_IRQHandler                       0x0800039f   Thumb Code     0  startup_stm32f767xx.o(.text)
    I2C3_EV_IRQHandler                       0x0800039f   Thumb Code     0  startup_stm32f767xx.o(.text)
    I2C4_ER_IRQHandler                       0x0800039f   Thumb Code     0  startup_stm32f767xx.o(.text)
    I2C4_EV_IRQHandler                       0x0800039f   Thumb Code     0  startup_stm32f767xx.o(.text)
    JPEG_IRQHandler                          0x0800039f   Thumb Code     0  startup_stm32f767xx.o(.text)
    LPTIM1_IRQHandler                        0x0800039f   Thumb Code     0  startup_stm32f767xx.o(.text)
    LTDC_ER_IRQHandler                       0x0800039f   Thumb Code     0  startup_stm32f767xx.o(.text)
    LTDC_IRQHandler                          0x0800039f   Thumb Code     0  startup_stm32f767xx.o(.text)
    MDIOS_IRQHandler                         0x0800039f   Thumb Code     0  startup_stm32f767xx.o(.text)
    OTG_FS_IRQHandler                        0x0800039f   Thumb Code     0  startup_stm32f767xx.o(.text)
    OTG_FS_WKUP_IRQHandler                   0x0800039f   Thumb Code     0  startup_stm32f767xx.o(.text)
    OTG_HS_EP1_IN_IRQHandler                 0x0800039f   Thumb Code     0  startup_stm32f767xx.o(.text)
    OTG_HS_EP1_OUT_IRQHandler                0x0800039f   Thumb Code     0  startup_stm32f767xx.o(.text)
    OTG_HS_IRQHandler                        0x0800039f   Thumb Code     0  startup_stm32f767xx.o(.text)
    OTG_HS_WKUP_IRQHandler                   0x0800039f   Thumb Code     0  startup_stm32f767xx.o(.text)
    PVD_IRQHandler                           0x0800039f   Thumb Code     0  startup_stm32f767xx.o(.text)
    QUADSPI_IRQHandler                       0x0800039f   Thumb Code     0  startup_stm32f767xx.o(.text)
    RCC_IRQHandler                           0x0800039f   Thumb Code     0  startup_stm32f767xx.o(.text)
    RNG_IRQHandler                           0x0800039f   Thumb Code     0  startup_stm32f767xx.o(.text)
    RTC_Alarm_IRQHandler                     0x0800039f   Thumb Code     0  startup_stm32f767xx.o(.text)
    RTC_WKUP_IRQHandler                      0x0800039f   Thumb Code     0  startup_stm32f767xx.o(.text)
    SAI1_IRQHandler                          0x0800039f   Thumb Code     0  startup_stm32f767xx.o(.text)
    SAI2_IRQHandler                          0x0800039f   Thumb Code     0  startup_stm32f767xx.o(.text)
    SDMMC1_IRQHandler                        0x0800039f   Thumb Code     0  startup_stm32f767xx.o(.text)
    SDMMC2_IRQHandler                        0x0800039f   Thumb Code     0  startup_stm32f767xx.o(.text)
    SPDIF_RX_IRQHandler                      0x0800039f   Thumb Code     0  startup_stm32f767xx.o(.text)
    SPI1_IRQHandler                          0x0800039f   Thumb Code     0  startup_stm32f767xx.o(.text)
    SPI2_IRQHandler                          0x0800039f   Thumb Code     0  startup_stm32f767xx.o(.text)
    SPI3_IRQHandler                          0x0800039f   Thumb Code     0  startup_stm32f767xx.o(.text)
    SPI4_IRQHandler                          0x0800039f   Thumb Code     0  startup_stm32f767xx.o(.text)
    SPI5_IRQHandler                          0x0800039f   Thumb Code     0  startup_stm32f767xx.o(.text)
    SPI6_IRQHandler                          0x0800039f   Thumb Code     0  startup_stm32f767xx.o(.text)
    TAMP_STAMP_IRQHandler                    0x0800039f   Thumb Code     0  startup_stm32f767xx.o(.text)
    TIM1_BRK_TIM9_IRQHandler                 0x0800039f   Thumb Code     0  startup_stm32f767xx.o(.text)
    TIM1_CC_IRQHandler                       0x0800039f   Thumb Code     0  startup_stm32f767xx.o(.text)
    TIM1_TRG_COM_TIM11_IRQHandler            0x0800039f   Thumb Code     0  startup_stm32f767xx.o(.text)
    TIM1_UP_TIM10_IRQHandler                 0x0800039f   Thumb Code     0  startup_stm32f767xx.o(.text)
    TIM2_IRQHandler                          0x0800039f   Thumb Code     0  startup_stm32f767xx.o(.text)
    TIM3_IRQHandler                          0x0800039f   Thumb Code     0  startup_stm32f767xx.o(.text)
    TIM4_IRQHandler                          0x0800039f   Thumb Code     0  startup_stm32f767xx.o(.text)
    TIM5_IRQHandler                          0x0800039f   Thumb Code     0  startup_stm32f767xx.o(.text)
    TIM6_DAC_IRQHandler                      0x0800039f   Thumb Code     0  startup_stm32f767xx.o(.text)
    TIM7_IRQHandler                          0x0800039f   Thumb Code     0  startup_stm32f767xx.o(.text)
    TIM8_BRK_TIM12_IRQHandler                0x0800039f   Thumb Code     0  startup_stm32f767xx.o(.text)
    TIM8_CC_IRQHandler                       0x0800039f   Thumb Code     0  startup_stm32f767xx.o(.text)
    TIM8_TRG_COM_TIM14_IRQHandler            0x0800039f   Thumb Code     0  startup_stm32f767xx.o(.text)
    TIM8_UP_TIM13_IRQHandler                 0x0800039f   Thumb Code     0  startup_stm32f767xx.o(.text)
    UART4_IRQHandler                         0x0800039f   Thumb Code     0  startup_stm32f767xx.o(.text)
    UART5_IRQHandler                         0x0800039f   Thumb Code     0  startup_stm32f767xx.o(.text)
    UART7_IRQHandler                         0x0800039f   Thumb Code     0  startup_stm32f767xx.o(.text)
    UART8_IRQHandler                         0x0800039f   Thumb Code     0  startup_stm32f767xx.o(.text)
    USART1_IRQHandler                        0x0800039f   Thumb Code     0  startup_stm32f767xx.o(.text)
    USART2_IRQHandler                        0x0800039f   Thumb Code     0  startup_stm32f767xx.o(.text)
    USART3_IRQHandler                        0x0800039f   Thumb Code     0  startup_stm32f767xx.o(.text)
    USART6_IRQHandler                        0x0800039f   Thumb Code     0  startup_stm32f767xx.o(.text)
    WWDG_IRQHandler                          0x0800039f   Thumb Code     0  startup_stm32f767xx.o(.text)
    __user_initial_stackheap                 0x080003a1   Thumb Code     0  startup_stm32f767xx.o(.text)
    vsprintf                                 0x080003c5   Thumb Code    32  vsprintf.o(.text)
    __use_two_region_memory                  0x080003e9   Thumb Code     2  heapauxi.o(.text)
    __rt_heap_escrow$2region                 0x080003eb   Thumb Code     2  heapauxi.o(.text)
    __rt_heap_expand$2region                 0x080003ed   Thumb Code     2  heapauxi.o(.text)
    _printf_pre_padding                      0x080003ef   Thumb Code    44  _printf_pad.o(.text)
    _printf_post_padding                     0x0800041b   Thumb Code    34  _printf_pad.o(.text)
    _printf_truncate_signed                  0x0800043d   Thumb Code    18  _printf_truncate.o(.text)
    _printf_truncate_unsigned                0x0800044f   Thumb Code    18  _printf_truncate.o(.text)
    _printf_str                              0x08000461   Thumb Code    82  _printf_str.o(.text)
    _printf_int_dec                          0x080004b5   Thumb Code   104  _printf_dec.o(.text)
    _printf_charcount                        0x0800052d   Thumb Code    40  _printf_charcount.o(.text)
    _printf_char_common                      0x0800055f   Thumb Code    32  _printf_char_common.o(.text)
    _sputc                                   0x08000585   Thumb Code    10  _sputc.o(.text)
    _printf_wctomb                           0x08000591   Thumb Code   182  _printf_wctomb.o(.text)
    _printf_longlong_dec                     0x0800064d   Thumb Code   108  _printf_longlong_dec.o(.text)
    _printf_longlong_oct                     0x080006c9   Thumb Code    68  _printf_oct_int_ll.o(.text)
    _printf_int_oct                          0x0800070d   Thumb Code    24  _printf_oct_int_ll.o(.text)
    _printf_ll_oct                           0x08000725   Thumb Code    12  _printf_oct_int_ll.o(.text)
    _printf_longlong_hex                     0x08000739   Thumb Code    86  _printf_hex_int_ll_ptr.o(.text)
    _printf_int_hex                          0x0800078f   Thumb Code    28  _printf_hex_int_ll_ptr.o(.text)
    _printf_ll_hex                           0x080007ab   Thumb Code    12  _printf_hex_int_ll_ptr.o(.text)
    _printf_hex_ptr                          0x080007b7   Thumb Code    18  _printf_hex_int_ll_ptr.o(.text)
    __printf                                 0x080007cd   Thumb Code   388  __printf_flags_ss_wp.o(.text)
    _ll_udiv10                               0x08000955   Thumb Code   138  lludiv10.o(.text)
    _printf_int_common                       0x080009df   Thumb Code   178  _printf_intcommon.o(.text)
    _printf_fp_dec_real                      0x08000c41   Thumb Code   620  _printf_fp_dec.o(.text)
    _printf_fp_hex_real                      0x08000ead   Thumb Code   756  _printf_fp_hex.o(.text)
    _printf_cs_common                        0x080011a9   Thumb Code    20  _printf_char.o(.text)
    _printf_char                             0x080011bd   Thumb Code    16  _printf_char.o(.text)
    _printf_string                           0x080011cd   Thumb Code     8  _printf_char.o(.text)
    _printf_lcs_common                       0x080011d5   Thumb Code    20  _printf_wchar.o(.text)
    _printf_wchar                            0x080011e9   Thumb Code    16  _printf_wchar.o(.text)
    _printf_wstring                          0x080011f9   Thumb Code     8  _printf_wchar.o(.text)
    _c16rtomb                                0x08001201   Thumb Code    72  _c16rtomb.o(.text)
    _wcrtomb                                 0x08001201   Thumb Code     0  _c16rtomb.o(.text)
    __user_setup_stackheap                   0x08001249   Thumb Code    74  sys_stackheap_outer.o(.text)
    __rt_ctype_table                         0x08001295   Thumb Code    16  rt_ctype_table.o(.text)
    __rt_locale                              0x080012a5   Thumb Code     8  rt_locale_intlibspace.o(.text)
    _printf_fp_infnan                        0x080012ad   Thumb Code   112  _printf_fp_infnan.o(.text)
    _btod_etento                             0x0800132d   Thumb Code   224  bigflt0.o(.text)
    exit                                     0x08001411   Thumb Code    18  exit.o(.text)
    __user_libspace                          0x08001425   Thumb Code     8  libspace.o(.text)
    __user_perproc_libspace                  0x08001425   Thumb Code     0  libspace.o(.text)
    __user_perthread_libspace                0x08001425   Thumb Code     0  libspace.o(.text)
    strcmp                                   0x08001431   Thumb Code   124  strcmpv7m_pel.o(.text)
    _sys_exit                                0x080014ad   Thumb Code     8  sys_exit.o(.text)
    __I$use$semihosting                      0x080014b9   Thumb Code     0  use_no_semi.o(.text)
    __use_no_semihosting_swi                 0x080014b9   Thumb Code     2  use_no_semi.o(.text)
    __semihosting_library_function           0x080014bb   Thumb Code     0  indicate_semi.o(.text)
    ST7920_Clear                             0x080014c1   Thumb Code   172  st7920.o(.text.ST7920_Clear)
    ST7920_Clear_GLCD_Buffer                 0x08001571   Thumb Code    48  st7920.o(.text.ST7920_Clear_GLCD_Buffer)
    ST7920_DrawBitmap                        0x080015a1   Thumb Code   264  st7920.o(.text.ST7920_DrawBitmap)
    ST7920_Font_Print                        0x080016a9   Thumb Code   446  st7920.o(.text.ST7920_Font_Print)
    ST7920_GraphicMode                       0x08001869   Thumb Code   104  st7920.o(.text.ST7920_GraphicMode)
    ST7920_Init                              0x080018d1   Thumb Code   144  st7920.o(.text.ST7920_Init)
    ST7920_Send_GLCD_Buffer                  0x080019f1   Thumb Code    16  st7920.o(.text.ST7920_Send_GLCD_Buffer)
    SetPixel                                 0x08001ae1   Thumb Code   206  st7920.o(.text.SetPixel)
    SystemInit                               0x08001bb1   Thumb Code    18  system_stm32f7xx.o(.text.SystemInit)
    TIM_Wait                                 0x08001bc9   Thumb Code   104  tim.o(.text.TIM_Wait)
    TIM_WaitMicros                           0x08001c31   Thumb Code   102  tim.o(.text.TIM_WaitMicros)
    main                                     0x08001c99   Thumb Code   182  main.o(.text.main)
    _btod_d2e                                0x08001dd9   Thumb Code    62  btod.o(CL$$btod_d2e)
    _d2e_denorm_low                          0x08001e17   Thumb Code    70  btod.o(CL$$btod_d2e_denorm_low)
    _d2e_norm_op1                            0x08001e5d   Thumb Code    96  btod.o(CL$$btod_d2e_norm_op1)
    __btod_div_common                        0x08001ebd   Thumb Code   696  btod.o(CL$$btod_div_common)
    _e2e                                     0x080021f5   Thumb Code   220  btod.o(CL$$btod_e2e)
    _btod_ediv                               0x080022d1   Thumb Code    42  btod.o(CL$$btod_ediv)
    _btod_emul                               0x080022fb   Thumb Code    42  btod.o(CL$$btod_emul)
    __btod_mult_common                       0x08002325   Thumb Code   580  btod.o(CL$$btod_mult_common)
    __ARM_fpclassify                         0x08002569   Thumb Code    48  fpclassify.o(i.__ARM_fpclassify)
    _is_digit                                0x08002599   Thumb Code    14  __printf_wp.o(i._is_digit)
    _get_lc_numeric                          0x080025a9   Thumb Code    44  lc_numeric_c.o(locale$$code)
    _get_lc_ctype                            0x080025d5   Thumb Code    44  lc_ctype_c.o(locale$$code)
    _fp_init                                 0x08002601   Thumb Code    26  fpinit.o(x$fpl$fpinit)
    __fplib_config_fpu_vfp                   0x08002619   Thumb Code     0  fpinit.o(x$fpl$fpinit)
    __fplib_config_pureend_doubles           0x08002619   Thumb Code     0  fpinit.o(x$fpl$fpinit)
    _printf_fp_dec                           0x0800261b   Thumb Code     4  printf1.o(x$fpl$printf1)
    _printf_fp_hex                           0x0800261f   Thumb Code     4  printf2.o(x$fpl$printf2)
    __I$use$fp                               0x08002622   Number         0  usenofp.o(x$fpl$usenofp)
    Region$$Table$$Base                      0x08002778   Number         0  anon$$obj.o(Region$$Table)
    Region$$Table$$Limit                     0x08002798   Number         0  anon$$obj.o(Region$$Table)
    __ctype                                  0x080027c1   Data           0  lc_ctype_c.o(locale$$data)
    __libspace_start                         0x20020968   Data          96  libspace.o(.bss)
    __temporary_stack_top$libspace           0x200209c8   Data           0  libspace.o(.bss)
    lcd_data                                 0x20020dc9   Data           3  st7920.o(.bss.lcd_data)



==============================================================================

Memory Map of the image

  Image Entry point : 0x08000385

  Load Region LR_1 (Base: 0x08000000, Size: 0x0000322c, Max: 0xffffffff, ABSOLUTE, COMPRESSED[0x00002c24])

    Execution Region ER_RO (Exec base: 0x08000000, Load base: 0x08000000, Size: 0x000028c4, Max: 0xffffffff, ABSOLUTE)

    Exec Addr    Load Addr    Size         Type   Attr      Idx    E Section Name        Object

    0x08000000   0x08000000   0x000001f8   Data   RO           77    RESET               startup_stm32f767xx.o
    0x080001f8   0x080001f8   0x00000008   Code   RO          104  * !!!main             c_w.l(__main.o)
    0x08000200   0x08000200   0x00000034   Code   RO          443    !!!scatter          c_w.l(__scatter.o)
    0x08000234   0x08000234   0x0000005a   Code   RO          441    !!dczerorl2         c_w.l(__dczerorl2.o)
    0x0800028e   0x0800028e   0x00000002   PAD
    0x08000290   0x08000290   0x0000001c   Code   RO          445    !!handler_zi        c_w.l(__scatter_zi.o)
    0x080002ac   0x080002ac   0x00000000   Code   RO          188    .ARM.Collect$$_printf_percent$$00000000  c_w.l(_printf_percent.o)
    0x080002ac   0x080002ac   0x00000006   Code   RO          177    .ARM.Collect$$_printf_percent$$00000001  c_w.l(_printf_n.o)
    0x080002b2   0x080002b2   0x00000006   Code   RO          179    .ARM.Collect$$_printf_percent$$00000002  c_w.l(_printf_p.o)
    0x080002b8   0x080002b8   0x00000006   Code   RO          184    .ARM.Collect$$_printf_percent$$00000003  c_w.l(_printf_f.o)
    0x080002be   0x080002be   0x00000006   Code   RO          185    .ARM.Collect$$_printf_percent$$00000004  c_w.l(_printf_e.o)
    0x080002c4   0x080002c4   0x00000006   Code   RO          186    .ARM.Collect$$_printf_percent$$00000005  c_w.l(_printf_g.o)
    0x080002ca   0x080002ca   0x00000006   Code   RO          187    .ARM.Collect$$_printf_percent$$00000006  c_w.l(_printf_a.o)
    0x080002d0   0x080002d0   0x0000000a   Code   RO          192    .ARM.Collect$$_printf_percent$$00000007  c_w.l(_printf_ll.o)
    0x080002da   0x080002da   0x00000006   Code   RO          181    .ARM.Collect$$_printf_percent$$00000008  c_w.l(_printf_i.o)
    0x080002e0   0x080002e0   0x00000006   Code   RO          182    .ARM.Collect$$_printf_percent$$00000009  c_w.l(_printf_d.o)
    0x080002e6   0x080002e6   0x00000006   Code   RO          183    .ARM.Collect$$_printf_percent$$0000000A  c_w.l(_printf_u.o)
    0x080002ec   0x080002ec   0x00000006   Code   RO          180    .ARM.Collect$$_printf_percent$$0000000B  c_w.l(_printf_o.o)
    0x080002f2   0x080002f2   0x00000006   Code   RO          178    .ARM.Collect$$_printf_percent$$0000000C  c_w.l(_printf_x.o)
    0x080002f8   0x080002f8   0x00000006   Code   RO          189    .ARM.Collect$$_printf_percent$$0000000D  c_w.l(_printf_lli.o)
    0x080002fe   0x080002fe   0x00000006   Code   RO          190    .ARM.Collect$$_printf_percent$$0000000E  c_w.l(_printf_lld.o)
    0x08000304   0x08000304   0x00000006   Code   RO          191    .ARM.Collect$$_printf_percent$$0000000F  c_w.l(_printf_llu.o)
    0x0800030a   0x0800030a   0x00000006   Code   RO          196    .ARM.Collect$$_printf_percent$$00000010  c_w.l(_printf_llo.o)
    0x08000310   0x08000310   0x00000006   Code   RO          197    .ARM.Collect$$_printf_percent$$00000011  c_w.l(_printf_llx.o)
    0x08000316   0x08000316   0x0000000a   Code   RO          193    .ARM.Collect$$_printf_percent$$00000012  c_w.l(_printf_l.o)
    0x08000320   0x08000320   0x00000006   Code   RO          175    .ARM.Collect$$_printf_percent$$00000013  c_w.l(_printf_c.o)
    0x08000326   0x08000326   0x00000006   Code   RO          176    .ARM.Collect$$_printf_percent$$00000014  c_w.l(_printf_s.o)
    0x0800032c   0x0800032c   0x00000006   Code   RO          194    .ARM.Collect$$_printf_percent$$00000015  c_w.l(_printf_lc.o)
    0x08000332   0x08000332   0x00000006   Code   RO          195    .ARM.Collect$$_printf_percent$$00000016  c_w.l(_printf_ls.o)
    0x08000338   0x08000338   0x00000004   Code   RO          238    .ARM.Collect$$_printf_percent$$00000017  c_w.l(_printf_percent_end.o)
    0x0800033c   0x0800033c   0x00000002   Code   RO          289    .ARM.Collect$$libinit$$00000000  c_w.l(libinit.o)
    0x0800033e   0x0800033e   0x00000004   Code   RO          307    .ARM.Collect$$libinit$$00000001  c_w.l(libinit2.o)
    0x08000342   0x08000342   0x00000000   Code   RO          310    .ARM.Collect$$libinit$$00000004  c_w.l(libinit2.o)
    0x08000342   0x08000342   0x00000000   Code   RO          312    .ARM.Collect$$libinit$$00000006  c_w.l(libinit2.o)
    0x08000342   0x08000342   0x00000000   Code   RO          315    .ARM.Collect$$libinit$$0000000C  c_w.l(libinit2.o)
    0x08000342   0x08000342   0x00000000   Code   RO          317    .ARM.Collect$$libinit$$0000000E  c_w.l(libinit2.o)
    0x08000342   0x08000342   0x00000000   Code   RO          319    .ARM.Collect$$libinit$$00000010  c_w.l(libinit2.o)
    0x08000342   0x08000342   0x00000006   Code   RO          320    .ARM.Collect$$libinit$$00000011  c_w.l(libinit2.o)
    0x08000348   0x08000348   0x00000000   Code   RO          322    .ARM.Collect$$libinit$$00000013  c_w.l(libinit2.o)
    0x08000348   0x08000348   0x0000000c   Code   RO          323    .ARM.Collect$$libinit$$00000014  c_w.l(libinit2.o)
    0x08000354   0x08000354   0x00000000   Code   RO          324    .ARM.Collect$$libinit$$00000015  c_w.l(libinit2.o)
    0x08000354   0x08000354   0x00000000   Code   RO          326    .ARM.Collect$$libinit$$00000017  c_w.l(libinit2.o)
    0x08000354   0x08000354   0x0000000a   Code   RO          327    .ARM.Collect$$libinit$$00000018  c_w.l(libinit2.o)
    0x0800035e   0x0800035e   0x00000000   Code   RO          328    .ARM.Collect$$libinit$$00000019  c_w.l(libinit2.o)
    0x0800035e   0x0800035e   0x00000000   Code   RO          330    .ARM.Collect$$libinit$$0000001B  c_w.l(libinit2.o)
    0x0800035e   0x0800035e   0x00000000   Code   RO          332    .ARM.Collect$$libinit$$0000001D  c_w.l(libinit2.o)
    0x0800035e   0x0800035e   0x00000000   Code   RO          334    .ARM.Collect$$libinit$$0000001F  c_w.l(libinit2.o)
    0x0800035e   0x0800035e   0x00000000   Code   RO          336    .ARM.Collect$$libinit$$00000021  c_w.l(libinit2.o)
    0x0800035e   0x0800035e   0x00000000   Code   RO          338    .ARM.Collect$$libinit$$00000023  c_w.l(libinit2.o)
    0x0800035e   0x0800035e   0x00000000   Code   RO          340    .ARM.Collect$$libinit$$00000025  c_w.l(libinit2.o)
    0x0800035e   0x0800035e   0x00000000   Code   RO          342    .ARM.Collect$$libinit$$00000027  c_w.l(libinit2.o)
    0x0800035e   0x0800035e   0x00000000   Code   RO          346    .ARM.Collect$$libinit$$0000002E  c_w.l(libinit2.o)
    0x0800035e   0x0800035e   0x00000000   Code   RO          348    .ARM.Collect$$libinit$$00000030  c_w.l(libinit2.o)
    0x0800035e   0x0800035e   0x00000000   Code   RO          350    .ARM.Collect$$libinit$$00000032  c_w.l(libinit2.o)
    0x0800035e   0x0800035e   0x00000000   Code   RO          352    .ARM.Collect$$libinit$$00000034  c_w.l(libinit2.o)
    0x0800035e   0x0800035e   0x00000002   Code   RO          353    .ARM.Collect$$libinit$$00000035  c_w.l(libinit2.o)
    0x08000360   0x08000360   0x00000002   Code   RO          377    .ARM.Collect$$libshutdown$$00000000  c_w.l(libshutdown.o)
    0x08000362   0x08000362   0x00000000   Code   RO          392    .ARM.Collect$$libshutdown$$00000002  c_w.l(libshutdown2.o)
    0x08000362   0x08000362   0x00000000   Code   RO          394    .ARM.Collect$$libshutdown$$00000004  c_w.l(libshutdown2.o)
    0x08000362   0x08000362   0x00000000   Code   RO          397    .ARM.Collect$$libshutdown$$00000007  c_w.l(libshutdown2.o)
    0x08000362   0x08000362   0x00000000   Code   RO          400    .ARM.Collect$$libshutdown$$0000000A  c_w.l(libshutdown2.o)
    0x08000362   0x08000362   0x00000000   Code   RO          402    .ARM.Collect$$libshutdown$$0000000C  c_w.l(libshutdown2.o)
    0x08000362   0x08000362   0x00000000   Code   RO          405    .ARM.Collect$$libshutdown$$0000000F  c_w.l(libshutdown2.o)
    0x08000362   0x08000362   0x00000002   Code   RO          406    .ARM.Collect$$libshutdown$$00000010  c_w.l(libshutdown2.o)
    0x08000364   0x08000364   0x00000000   Code   RO          106    .ARM.Collect$$rtentry$$00000000  c_w.l(__rtentry.o)
    0x08000364   0x08000364   0x00000000   Code   RO          207    .ARM.Collect$$rtentry$$00000002  c_w.l(__rtentry2.o)
    0x08000364   0x08000364   0x00000006   Code   RO          219    .ARM.Collect$$rtentry$$00000004  c_w.l(__rtentry4.o)
    0x0800036a   0x0800036a   0x00000000   Code   RO          209    .ARM.Collect$$rtentry$$00000009  c_w.l(__rtentry2.o)
    0x0800036a   0x0800036a   0x00000004   Code   RO          210    .ARM.Collect$$rtentry$$0000000A  c_w.l(__rtentry2.o)
    0x0800036e   0x0800036e   0x00000000   Code   RO          212    .ARM.Collect$$rtentry$$0000000C  c_w.l(__rtentry2.o)
    0x0800036e   0x0800036e   0x00000008   Code   RO          213    .ARM.Collect$$rtentry$$0000000D  c_w.l(__rtentry2.o)
    0x08000376   0x08000376   0x00000002   Code   RO          298    .ARM.Collect$$rtexit$$00000000  c_w.l(rtexit.o)
    0x08000378   0x08000378   0x00000000   Code   RO          355    .ARM.Collect$$rtexit$$00000002  c_w.l(rtexit2.o)
    0x08000378   0x08000378   0x00000004   Code   RO          356    .ARM.Collect$$rtexit$$00000003  c_w.l(rtexit2.o)
    0x0800037c   0x0800037c   0x00000006   Code   RO          357    .ARM.Collect$$rtexit$$00000004  c_w.l(rtexit2.o)
    0x08000382   0x08000382   0x00000002   PAD
    0x08000384   0x08000384   0x00000040   Code   RO           78  * .text               startup_stm32f767xx.o
    0x080003c4   0x080003c4   0x00000024   Code   RO          100    .text               c_w.l(vsprintf.o)
    0x080003e8   0x080003e8   0x00000006   Code   RO          102    .text               c_w.l(heapauxi.o)
    0x080003ee   0x080003ee   0x0000004e   Code   RO          109    .text               c_w.l(_printf_pad.o)
    0x0800043c   0x0800043c   0x00000024   Code   RO          111    .text               c_w.l(_printf_truncate.o)
    0x08000460   0x08000460   0x00000052   Code   RO          113    .text               c_w.l(_printf_str.o)
    0x080004b2   0x080004b2   0x00000002   PAD
    0x080004b4   0x080004b4   0x00000078   Code   RO          115    .text               c_w.l(_printf_dec.o)
    0x0800052c   0x0800052c   0x00000028   Code   RO          117    .text               c_w.l(_printf_charcount.o)
    0x08000554   0x08000554   0x00000030   Code   RO          119    .text               c_w.l(_printf_char_common.o)
    0x08000584   0x08000584   0x0000000a   Code   RO          121    .text               c_w.l(_sputc.o)
    0x0800058e   0x0800058e   0x00000002   PAD
    0x08000590   0x08000590   0x000000bc   Code   RO          123    .text               c_w.l(_printf_wctomb.o)
    0x0800064c   0x0800064c   0x0000007c   Code   RO          126    .text               c_w.l(_printf_longlong_dec.o)
    0x080006c8   0x080006c8   0x00000070   Code   RO          132    .text               c_w.l(_printf_oct_int_ll.o)
    0x08000738   0x08000738   0x00000094   Code   RO          152    .text               c_w.l(_printf_hex_int_ll_ptr.o)
    0x080007cc   0x080007cc   0x00000188   Code   RO          172    .text               c_w.l(__printf_flags_ss_wp.o)
    0x08000954   0x08000954   0x0000008a   Code   RO          221    .text               c_w.l(lludiv10.o)
    0x080009de   0x080009de   0x000000b2   Code   RO          223    .text               c_w.l(_printf_intcommon.o)
    0x08000a90   0x08000a90   0x0000041c   Code   RO          225    .text               c_w.l(_printf_fp_dec.o)
    0x08000eac   0x08000eac   0x000002fc   Code   RO          229    .text               c_w.l(_printf_fp_hex.o)
    0x080011a8   0x080011a8   0x0000002c   Code   RO          234    .text               c_w.l(_printf_char.o)
    0x080011d4   0x080011d4   0x0000002c   Code   RO          236    .text               c_w.l(_printf_wchar.o)
    0x08001200   0x08001200   0x00000048   Code   RO          239    .text               c_w.l(_c16rtomb.o)
    0x08001248   0x08001248   0x0000004a   Code   RO          241    .text               c_w.l(sys_stackheap_outer.o)
    0x08001292   0x08001292   0x00000002   PAD
    0x08001294   0x08001294   0x00000010   Code   RO          243    .text               c_w.l(rt_ctype_table.o)
    0x080012a4   0x080012a4   0x00000008   Code   RO          248    .text               c_w.l(rt_locale_intlibspace.o)
    0x080012ac   0x080012ac   0x00000080   Code   RO          250    .text               c_w.l(_printf_fp_infnan.o)
    0x0800132c   0x0800132c   0x000000e4   Code   RO          252    .text               c_w.l(bigflt0.o)
    0x08001410   0x08001410   0x00000012   Code   RO          282    .text               c_w.l(exit.o)
    0x08001422   0x08001422   0x00000002   PAD
    0x08001424   0x08001424   0x00000008   Code   RO          295    .text               c_w.l(libspace.o)
    0x0800142c   0x0800142c   0x00000004   PAD
    0x08001430   0x08001430   0x0000007c   Code   RO          305    .text               c_w.l(strcmpv7m_pel.o)
    0x080014ac   0x080014ac   0x0000000c   Code   RO          367    .text               c_w.l(sys_exit.o)
    0x080014b8   0x080014b8   0x00000002   Code   RO          382    .text               c_w.l(use_no_semi.o)
    0x080014ba   0x080014ba   0x00000000   Code   RO          384    .text               c_w.l(indicate_semi.o)
    0x080014ba   0x080014ba   0x00000006   PAD
    0x080014c0   0x080014c0   0x000000ac   Code   RO           20    .text.ST7920_Clear  st7920.o
    0x0800156c   0x0800156c   0x00000004   PAD
    0x08001570   0x08001570   0x00000030   Code   RO           18    .text.ST7920_Clear_GLCD_Buffer  st7920.o
    0x080015a0   0x080015a0   0x00000108   Code   RO           14    .text.ST7920_DrawBitmap  st7920.o
    0x080016a8   0x080016a8   0x000001be   Code   RO            8    .text.ST7920_Font_Print  st7920.o
    0x08001866   0x08001866   0x00000002   PAD
    0x08001868   0x08001868   0x00000068   Code   RO           12    .text.ST7920_GraphicMode  st7920.o
    0x080018d0   0x080018d0   0x00000090   Code   RO           36    .text.ST7920_Init   st7920.o
    0x08001960   0x08001960   0x00000044   Code   RO            4    .text.ST7920_SendCmd  st7920.o
    0x080019a4   0x080019a4   0x00000004   PAD
    0x080019a8   0x080019a8   0x00000044   Code   RO            6    .text.ST7920_SendData  st7920.o
    0x080019ec   0x080019ec   0x00000004   PAD
    0x080019f0   0x080019f0   0x00000010   Code   RO           16    .text.ST7920_Send_GLCD_Buffer  st7920.o
    0x08001a00   0x08001a00   0x000000e0   Code   RO           38    .text.ST7920_spi_init  st7920.o
    0x08001ae0   0x08001ae0   0x000000ce   Code   RO           10    .text.SetPixel      st7920.o
    0x08001bae   0x08001bae   0x00000002   PAD
    0x08001bb0   0x08001bb0   0x00000012   Code   RO           85    .text.SystemInit    system_stm32f7xx.o
    0x08001bc2   0x08001bc2   0x00000006   PAD
    0x08001bc8   0x08001bc8   0x00000068   Code   RO           67    .text.TIM_Wait      tim.o
    0x08001c30   0x08001c30   0x00000066   Code   RO           65    .text.TIM_WaitMicros  tim.o
    0x08001c96   0x08001c96   0x00000002   PAD
    0x08001c98   0x08001c98   0x000000b6   Code   RO           54    .text.main          main.o
    0x08001d4e   0x08001d4e   0x00000002   PAD
    0x08001d50   0x08001d50   0x00000088   Code   RO           40    .text.st7920_spi_transmit  st7920.o
    0x08001dd8   0x08001dd8   0x0000003e   Code   RO          255    CL$$btod_d2e        c_w.l(btod.o)
    0x08001e16   0x08001e16   0x00000046   Code   RO          257    CL$$btod_d2e_denorm_low  c_w.l(btod.o)
    0x08001e5c   0x08001e5c   0x00000060   Code   RO          256    CL$$btod_d2e_norm_op1  c_w.l(btod.o)
    0x08001ebc   0x08001ebc   0x00000338   Code   RO          265    CL$$btod_div_common  c_w.l(btod.o)
    0x080021f4   0x080021f4   0x000000dc   Code   RO          262    CL$$btod_e2e        c_w.l(btod.o)
    0x080022d0   0x080022d0   0x0000002a   Code   RO          259    CL$$btod_ediv       c_w.l(btod.o)
    0x080022fa   0x080022fa   0x0000002a   Code   RO          258    CL$$btod_emul       c_w.l(btod.o)
    0x08002324   0x08002324   0x00000244   Code   RO          264    CL$$btod_mult_common  c_w.l(btod.o)
    0x08002568   0x08002568   0x00000030   Code   RO          293    i.__ARM_fpclassify  m_wv.l(fpclassify.o)
    0x08002598   0x08002598   0x0000000e   Code   RO          165    i._is_digit         c_w.l(__printf_wp.o)
    0x080025a6   0x080025a6   0x00000002   PAD
    0x080025a8   0x080025a8   0x0000002c   Code   RO          280    locale$$code        c_w.l(lc_numeric_c.o)
    0x080025d4   0x080025d4   0x0000002c   Code   RO          303    locale$$code        c_w.l(lc_ctype_c.o)
    0x08002600   0x08002600   0x0000001a   Code   RO          365    x$fpl$fpinit        fz_wv.l(fpinit.o)
    0x0800261a   0x0800261a   0x00000004   Code   RO          198    x$fpl$printf1       fz_wv.l(printf1.o)
    0x0800261e   0x0800261e   0x00000004   Code   RO          200    x$fpl$printf2       fz_wv.l(printf2.o)
    0x08002622   0x08002622   0x00000000   Code   RO          292    x$fpl$usenofp       fz_wv.l(usenofp.o)
    0x08002622   0x08002622   0x00000002   PAD
    0x08002624   0x08002624   0x00000008   Data   RO          124    .constdata          c_w.l(_printf_wctomb.o)
    0x0800262c   0x0800262c   0x00000028   Data   RO          153    .constdata          c_w.l(_printf_hex_int_ll_ptr.o)
    0x08002654   0x08002654   0x00000011   Data   RO          173    .constdata          c_w.l(__printf_flags_ss_wp.o)
    0x08002665   0x08002665   0x00000026   Data   RO          230    .constdata          c_w.l(_printf_fp_hex.o)
    0x0800268b   0x0800268b   0x00000001   PAD
    0x0800268c   0x0800268c   0x00000094   Data   RO          253    .constdata          c_w.l(bigflt0.o)
    0x08002720   0x08002720   0x00000056   Data   RO           56    .rodata.str1.1      main.o
    0x08002776   0x08002776   0x00000002   PAD
    0x08002778   0x08002778   0x00000020   Data   RO          440    Region$$Table       anon$$obj.o
    0x08002798   0x08002798   0x0000001c   Data   RO          279    locale$$data        c_w.l(lc_numeric_c.o)
    0x080027b4   0x080027b4   0x00000110   Data   RO          302    locale$$data        c_w.l(lc_ctype_c.o)


    Execution Region ER_RW (Exec base: 0x20020000, Load base: 0x080028c4, Size: 0x00000968, Max: 0xffffffff, ABSOLUTE, COMPRESSED[0x00000360])

    Exec Addr    Load Addr    Size         Type   Attr      Idx    E Section Name        Object

    0x20020000   COMPRESSED   0x00000964   Data   RW           57    .data.Arial12x12    main.o
    0x20020964   COMPRESSED   0x00000001   Data   RW           42    .data.numCols       st7920.o
    0x20020965   COMPRESSED   0x00000001   Data   RW           43    .data.numRows       st7920.o


    Execution Region ER_ZI (Exec base: 0x20020968, Load base: 0x08002c24, Size: 0x00000a68, Max: 0xffffffff, ABSOLUTE)

    Exec Addr    Load Addr    Size         Type   Attr      Idx    E Section Name        Object

    0x20020968        -       0x00000060   Zero   RW          296    .bss                c_w.l(libspace.o)
    0x200209c8        -       0x00000400   Zero   RW           45    .bss.GLCD_Buffer    st7920.o
    0x20020dc8        -       0x00000001   Zero   RW           44    .bss.Graphic_Check  st7920.o
    0x20020dc9        -       0x00000003   Zero   RW           46    .bss.lcd_data       st7920.o
    0x20020dcc   0x08002c24   0x00000004   PAD
    0x20020dd0        -       0x00000200   Zero   RW           76    HEAP                startup_stm32f767xx.o
    0x20020fd0        -       0x00000400   Zero   RW           75    STACK               startup_stm32f767xx.o


==============================================================================

Image component sizes


      Code (inc. data)   RO Data    RW Data    ZI Data      Debug   Object Name

       182          0         86       2404          0        765   main.o
      1896          0          0          2       1028       9392   st7920.o
        64         26        504          0       1536        884   startup_stm32f767xx.o
        18          0          0          0          0       3358   system_stm32f7xx.o
       206          0          0          0          0       1020   tim.o

    ----------------------------------------------------------------------
      2392         26        624       2408       2568      15419   Object Totals
         0          0         32          0          0          0   (incl. Generated)
        26          0          2          2          4          0   (incl. Padding)

    ----------------------------------------------------------------------

      Code (inc. data)   RO Data    RW Data    ZI Data      Debug   Library Member Name

        90          0          0          0          0          0   __dczerorl2.o
         8          0          0          0          0         68   __main.o
       392          4         17          0          0         92   __printf_flags_ss_wp.o
        14          0          0          0          0         68   __printf_wp.o
         0          0          0          0          0          0   __rtentry.o
        12          0          0          0          0          0   __rtentry2.o
         6          0          0          0          0          0   __rtentry4.o
        52          8          0          0          0          0   __scatter.o
        28          0          0          0          0          0   __scatter_zi.o
        72          0          0          0          0         96   _c16rtomb.o
         6          0          0          0          0          0   _printf_a.o
         6          0          0          0          0          0   _printf_c.o
        44          0          0          0          0        108   _printf_char.o
        48          6          0          0          0         96   _printf_char_common.o
        40          0          0          0          0         68   _printf_charcount.o
         6          0          0          0          0          0   _printf_d.o
       120         16          0          0          0         92   _printf_dec.o
         6          0          0          0          0          0   _printf_e.o
         6          0          0          0          0          0   _printf_f.o
      1052          0          0          0          0        148   _printf_fp_dec.o
       764          8         38          0          0        100   _printf_fp_hex.o
       128         16          0          0          0         84   _printf_fp_infnan.o
         6          0          0          0          0          0   _printf_g.o
       148          4         40          0          0        160   _printf_hex_int_ll_ptr.o
         6          0          0          0          0          0   _printf_i.o
       178          0          0          0          0         88   _printf_intcommon.o
        10          0          0          0          0          0   _printf_l.o
         6          0          0          0          0          0   _printf_lc.o
        10          0          0          0          0          0   _printf_ll.o
         6          0          0          0          0          0   _printf_lld.o
         6          0          0          0          0          0   _printf_lli.o
         6          0          0          0          0          0   _printf_llo.o
         6          0          0          0          0          0   _printf_llu.o
         6          0          0          0          0          0   _printf_llx.o
       124         16          0          0          0         92   _printf_longlong_dec.o
         6          0          0          0          0          0   _printf_ls.o
         6          0          0          0          0          0   _printf_n.o
         6          0          0          0          0          0   _printf_o.o
       112          8          0          0          0        124   _printf_oct_int_ll.o
         6          0          0          0          0          0   _printf_p.o
        78          0          0          0          0        108   _printf_pad.o
         0          0          0          0          0          0   _printf_percent.o
         4          0          0          0          0          0   _printf_percent_end.o
         6          0          0          0          0          0   _printf_s.o
        82          0          0          0          0         80   _printf_str.o
        36          0          0          0          0         84   _printf_truncate.o
         6          0          0          0          0          0   _printf_u.o
        44          0          0          0          0        108   _printf_wchar.o
       188          6          8          0          0         92   _printf_wctomb.o
         6          0          0          0          0          0   _printf_x.o
        10          0          0          0          0         68   _sputc.o
       228          4        148          0          0         96   bigflt0.o
      1936        128          0          0          0        668   btod.o
        18          0          0          0          0         80   exit.o
         6          0          0          0          0        152   heapauxi.o
         0          0          0          0          0          0   indicate_semi.o
        44         10        272          0          0         76   lc_ctype_c.o
        44         10         28          0          0         76   lc_numeric_c.o
         2          0          0          0          0          0   libinit.o
        34          0          0          0          0          0   libinit2.o
         2          0          0          0          0          0   libshutdown.o
         2          0          0          0          0          0   libshutdown2.o
         8          4          0          0         96         68   libspace.o
       138          0          0          0          0         80   lludiv10.o
        16          4          0          0          0         76   rt_ctype_table.o
         8          4          0          0          0         68   rt_locale_intlibspace.o
         2          0          0          0          0          0   rtexit.o
        10          0          0          0          0          0   rtexit2.o
       124          0          0          0          0         88   strcmpv7m_pel.o
        12          4          0          0          0         68   sys_exit.o
        74          0          0          0          0         80   sys_stackheap_outer.o
         2          0          0          0          0         68   use_no_semi.o
        36          4          0          0          0         76   vsprintf.o
        26          0          0          0          0        116   fpinit.o
         4          0          0          0          0        116   printf1.o
         4          0          0          0          0        116   printf2.o
         0          0          0          0          0          0   usenofp.o
        48          0          0          0          0        124   fpclassify.o

    ----------------------------------------------------------------------
      6868        268        552          0         96       4316   Library Totals
        26          4          1          0          0          0   (incl. Padding)

    ----------------------------------------------------------------------

      Code (inc. data)   RO Data    RW Data    ZI Data      Debug   Library Name

      6760        264        551          0         96       3844   c_w.l
        34          0          0          0          0        348   fz_wv.l
        48          0          0          0          0        124   m_wv.l

    ----------------------------------------------------------------------
      6868        268        552          0         96       4316   Library Totals

    ----------------------------------------------------------------------

==============================================================================


      Code (inc. data)   RO Data    RW Data    ZI Data      Debug   

      9260        294       1176       2408       2664      17447   Grand Totals
      9260        294       1176        864       2664      17447   ELF Image Totals (compressed)
      9260        294       1176        864          0          0   ROM Totals

==============================================================================

    Total RO  Size (Code + RO Data)                10436 (  10.19kB)
    Total RW  Size (RW Data + ZI Data)              5072 (   4.95kB)
    Total ROM Size (Code + RO Data + RW Data)      11300 (  11.04kB)

==============================================================================

